Archive member included to satisfy reference by file (symbol)

/opt/st/stm32cubeide_1.7.0/plugins/com.st.stm32cube.ide.mcu.externaltools.gnu-tools-for-stm32.10.3-2021.10.linux64_1.0.0.202111181127/tools/bin/../lib/gcc/arm-none-eabi/10.3.1/../../../../arm-none-eabi/lib/thumb/v7e-m+fp/hard/libc_nano.a(lib_a-errno.o)
                              ./Core/Src/syscalls.o (__errno)
/opt/st/stm32cubeide_1.7.0/plugins/com.st.stm32cube.ide.mcu.externaltools.gnu-tools-for-stm32.10.3-2021.10.linux64_1.0.0.202111181127/tools/bin/../lib/gcc/arm-none-eabi/10.3.1/../../../../arm-none-eabi/lib/thumb/v7e-m+fp/hard/libc_nano.a(lib_a-exit.o)
                              /opt/st/stm32cubeide_1.7.0/plugins/com.st.stm32cube.ide.mcu.externaltools.gnu-tools-for-stm32.10.3-2021.10.linux64_1.0.0.202111181127/tools/bin/../lib/gcc/arm-none-eabi/10.3.1/../../../../arm-none-eabi/lib/thumb/v7e-m+fp/hard/crt0.o (exit)
/opt/st/stm32cubeide_1.7.0/plugins/com.st.stm32cube.ide.mcu.externaltools.gnu-tools-for-stm32.10.3-2021.10.linux64_1.0.0.202111181127/tools/bin/../lib/gcc/arm-none-eabi/10.3.1/../../../../arm-none-eabi/lib/thumb/v7e-m+fp/hard/libc_nano.a(lib_a-impure.o)
                              /opt/st/stm32cubeide_1.7.0/plugins/com.st.stm32cube.ide.mcu.externaltools.gnu-tools-for-stm32.10.3-2021.10.linux64_1.0.0.202111181127/tools/bin/../lib/gcc/arm-none-eabi/10.3.1/../../../../arm-none-eabi/lib/thumb/v7e-m+fp/hard/libc_nano.a(lib_a-exit.o) (_global_impure_ptr)
/opt/st/stm32cubeide_1.7.0/plugins/com.st.stm32cube.ide.mcu.externaltools.gnu-tools-for-stm32.10.3-2021.10.linux64_1.0.0.202111181127/tools/bin/../lib/gcc/arm-none-eabi/10.3.1/../../../../arm-none-eabi/lib/thumb/v7e-m+fp/hard/libc_nano.a(lib_a-init.o)
                              /opt/st/stm32cubeide_1.7.0/plugins/com.st.stm32cube.ide.mcu.externaltools.gnu-tools-for-stm32.10.3-2021.10.linux64_1.0.0.202111181127/tools/bin/../lib/gcc/arm-none-eabi/10.3.1/../../../../arm-none-eabi/lib/thumb/v7e-m+fp/hard/crt0.o (__libc_init_array)
/opt/st/stm32cubeide_1.7.0/plugins/com.st.stm32cube.ide.mcu.externaltools.gnu-tools-for-stm32.10.3-2021.10.linux64_1.0.0.202111181127/tools/bin/../lib/gcc/arm-none-eabi/10.3.1/../../../../arm-none-eabi/lib/thumb/v7e-m+fp/hard/libc_nano.a(lib_a-memset.o)
                              /opt/st/stm32cubeide_1.7.0/plugins/com.st.stm32cube.ide.mcu.externaltools.gnu-tools-for-stm32.10.3-2021.10.linux64_1.0.0.202111181127/tools/bin/../lib/gcc/arm-none-eabi/10.3.1/../../../../arm-none-eabi/lib/thumb/v7e-m+fp/hard/crt0.o (memset)
/opt/st/stm32cubeide_1.7.0/plugins/com.st.stm32cube.ide.mcu.externaltools.gnu-tools-for-stm32.10.3-2021.10.linux64_1.0.0.202111181127/tools/bin/../lib/gcc/arm-none-eabi/10.3.1/../../../../arm-none-eabi/lib/thumb/v7e-m+fp/hard/libc_nano.a(lib_a-sprintf.o)
                              ./Core/Src/main.o (sprintf)
/opt/st/stm32cubeide_1.7.0/plugins/com.st.stm32cube.ide.mcu.externaltools.gnu-tools-for-stm32.10.3-2021.10.linux64_1.0.0.202111181127/tools/bin/../lib/gcc/arm-none-eabi/10.3.1/../../../../arm-none-eabi/lib/thumb/v7e-m+fp/hard/libc_nano.a(lib_a-strlen.o)
                              ./Core/Src/main.o (strlen)
/opt/st/stm32cubeide_1.7.0/plugins/com.st.stm32cube.ide.mcu.externaltools.gnu-tools-for-stm32.10.3-2021.10.linux64_1.0.0.202111181127/tools/bin/../lib/gcc/arm-none-eabi/10.3.1/../../../../arm-none-eabi/lib/thumb/v7e-m+fp/hard/libc_nano.a(lib_a-nano-svfprintf.o)
                              /opt/st/stm32cubeide_1.7.0/plugins/com.st.stm32cube.ide.mcu.externaltools.gnu-tools-for-stm32.10.3-2021.10.linux64_1.0.0.202111181127/tools/bin/../lib/gcc/arm-none-eabi/10.3.1/../../../../arm-none-eabi/lib/thumb/v7e-m+fp/hard/libc_nano.a(lib_a-sprintf.o) (_svfprintf_r)
/opt/st/stm32cubeide_1.7.0/plugins/com.st.stm32cube.ide.mcu.externaltools.gnu-tools-for-stm32.10.3-2021.10.linux64_1.0.0.202111181127/tools/bin/../lib/gcc/arm-none-eabi/10.3.1/../../../../arm-none-eabi/lib/thumb/v7e-m+fp/hard/libc_nano.a(lib_a-nano-vfprintf_i.o)
                              /opt/st/stm32cubeide_1.7.0/plugins/com.st.stm32cube.ide.mcu.externaltools.gnu-tools-for-stm32.10.3-2021.10.linux64_1.0.0.202111181127/tools/bin/../lib/gcc/arm-none-eabi/10.3.1/../../../../arm-none-eabi/lib/thumb/v7e-m+fp/hard/libc_nano.a(lib_a-nano-svfprintf.o) (_printf_i)
/opt/st/stm32cubeide_1.7.0/plugins/com.st.stm32cube.ide.mcu.externaltools.gnu-tools-for-stm32.10.3-2021.10.linux64_1.0.0.202111181127/tools/bin/../lib/gcc/arm-none-eabi/10.3.1/../../../../arm-none-eabi/lib/thumb/v7e-m+fp/hard/libc_nano.a(lib_a-memchr.o)
                              /opt/st/stm32cubeide_1.7.0/plugins/com.st.stm32cube.ide.mcu.externaltools.gnu-tools-for-stm32.10.3-2021.10.linux64_1.0.0.202111181127/tools/bin/../lib/gcc/arm-none-eabi/10.3.1/../../../../arm-none-eabi/lib/thumb/v7e-m+fp/hard/libc_nano.a(lib_a-nano-svfprintf.o) (memchr)
[...]
Memory Configuration

Name             Origin             Length             Attributes
CCMRAM           0x0000000010000000 0x0000000000010000 xrw
RAM              0x0000000020000000 0x0000000000030000 xrw
FLASH            0x0000000008000000 0x0000000000200000 xr
*default*        0x0000000000000000 0xffffffffffffffff

Linker script and memory map

LOAD /opt/st/stm32cubeide_1.7.0/plugins/com.st.stm32cube.ide.mcu.externaltools.gnu-tools-for-stm32.10.3-2021.10.linux64_1.0.0.202111181127/tools/bin/../lib/gcc/arm-none-eabi/10.3.1/thumb/v7e-m+fp/hard/crti.o
LOAD /opt/st/stm32cubeide_1.7.0/plugins/com.st.stm32cube.ide.mcu.externaltools.gnu-tools-for-stm32.10.3-2021.10.linux64_1.0.0.202111181127/tools/bin/../lib/gcc/arm-none-eabi/10.3.1/thumb/v7e-m+fp/hard/crtbegin.o
LOAD /opt/st/stm32cubeide_1.7.0/plugins/com.st.stm32cube.ide.mcu.externaltools.gnu-tools-for-stm32.10.3-2021.10.linux64_1.0.0.202111181127/tools/bin/../lib/gcc/arm-none-eabi/10.3.1/../../../../arm-none-eabi/lib/thumb/v7e-m+fp/hard/crt0.o
LOAD ./Core/Src/Driver_TMP102.o
LOAD ./Core/Src/Driver_TMP102_Port.o
LOAD ./Core/Src/Driver_TMP102_Port_STM32F429ZI.o
LOAD ./Core/Src/main.o
LOAD ./Core/Src/stm32f4xx_hal_msp.o
LOAD ./Core/Src/stm32f4xx_it.o
LOAD ./Core/Src/syscalls.o
LOAD ./Core/Src/sysmem.o
LOAD ./Core/Src/system_stm32f4xx.o
LOAD ./Core/Startup/startup_stm32f429zitx.o
LOAD ./Drivers/STM32F4xx_HAL_Driver/Src/stm32f4xx_hal.o
LOAD ./Drivers/STM32F4xx_HAL_Driver/Src/stm32f4xx_hal_adc.o
LOAD ./Drivers/STM32F4xx_HAL_Driver/Src/stm32f4xx_hal_adc_ex.o
LOAD ./Drivers/STM32F4xx_HAL_Driver/Src/stm32f4xx_hal_cortex.o
LOAD ./Drivers/STM32F4xx_HAL_Driver/Src/stm32f4xx_hal_dma.o
LOAD ./Drivers/STM32F4xx_HAL_Driver/Src/stm32f4xx_hal_dma_ex.o
LOAD ./Drivers/STM32F4xx_HAL_Driver/Src/stm32f4xx_hal_eth.o
LOAD ./Drivers/STM32F4xx_HAL_Driver/Src/stm32f4xx_hal_exti.o
LOAD ./Drivers/STM32F4xx_HAL_Driver/Src/stm32f4xx_hal_flash.o
LOAD ./Drivers/STM32F4xx_HAL_Driver/Src/stm32f4xx_hal_flash_ex.o
LOAD ./Drivers/STM32F4xx_HAL_Driver/Src/stm32f4xx_hal_flash_ramfunc.o
LOAD ./Drivers/STM32F4xx_HAL_Driver/Src/stm32f4xx_hal_gpio.o
LOAD ./Drivers/STM32F4xx_HAL_Driver/Src/stm32f4xx_hal_i2c.o
LOAD ./Drivers/STM32F4xx_HAL_Driver/Src/stm32f4xx_hal_i2c_ex.o
LOAD ./Drivers/STM32F4xx_HAL_Driver/Src/stm32f4xx_hal_pcd.o
LOAD ./Drivers/STM32F4xx_HAL_Driver/Src/stm32f4xx_hal_pcd_ex.o
LOAD ./Drivers/STM32F4xx_HAL_Driver/Src/stm32f4xx_hal_pwr.o
LOAD ./Drivers/STM32F4xx_HAL_Driver/Src/stm32f4xx_hal_pwr_ex.o
LOAD ./Drivers/STM32F4xx_HAL_Driver/Src/stm32f4xx_hal_rcc.o
LOAD ./Drivers/STM32F4xx_HAL_Driver/Src/stm32f4xx_hal_rcc_ex.o
LOAD ./Drivers/STM32F4xx_HAL_Driver/Src/stm32f4xx_hal_tim.o
LOAD ./Drivers/STM32F4xx_HAL_Driver/Src/stm32f4xx_hal_tim_ex.o
LOAD ./Drivers/STM32F4xx_HAL_Driver/Src/stm32f4xx_hal_uart.o
LOAD ./Drivers/STM32F4xx_HAL_Driver/Src/stm32f4xx_ll_adc.o
LOAD ./Drivers/STM32F4xx_HAL_Driver/Src/stm32f4xx_ll_usb.o
START GROUP
LOAD /opt/st/stm32cubeide_1.7.0/plugins/com.st.stm32cube.ide.mcu.externaltools.gnu-tools-for-stm32.10.3-2021.10.linux64_1.0.0.202111181127/tools/bin/../lib/gcc/arm-none-eabi/10.3.1/../../../../arm-none-eabi/lib/thumb/v7e-m+fp/hard/libc_nano.a
LOAD /opt/st/stm32cubeide_1.7.0/plugins/com.st.stm32cube.ide.mcu.externaltools.gnu-tools-for-stm32.10.3-2021.10.linux64_1.0.0.202111181127/tools/bin/../lib/gcc/arm-none-eabi/10.3.1/../../../../arm-none-eabi/lib/thumb/v7e-m+fp/hard/libm.a
END GROUP
START GROUP
LOAD /opt/st/stm32cubeide_1.7.0/plugins/com.st.stm32cube.ide.mcu.externaltools.gnu-tools-for-stm32.10.3-2021.10.linux64_1.0.0.202111181127/tools/bin/../lib/gcc/arm-none-eabi/10.3.1/thumb/v7e-m+fp/hard/libgcc.a
LOAD /opt/st/stm32cubeide_1.7.0/plugins/com.st.stm32cube.ide.mcu.externaltools.gnu-tools-for-stm32.10.3-2021.10.linux64_1.0.0.202111181127/tools/bin/../lib/gcc/arm-none-eabi/10.3.1/../../../../arm-none-eabi/lib/thumb/v7e-m+fp/hard/libc_nano.a
END GROUP
START GROUP
LOAD /opt/st/stm32cubeide_1.7.0/plugins/com.st.stm32cube.ide.mcu.externaltools.gnu-tools-for-stm32.10.3-2021.10.linux64_1.0.0.202111181127/tools/bin/../lib/gcc/arm-none-eabi/10.3.1/thumb/v7e-m+fp/hard/libgcc.a
LOAD /opt/st/stm32cubeide_1.7.0/plugins/com.st.stm32cube.ide.mcu.externaltools.gnu-tools-for-stm32.10.3-2021.10.linux64_1.0.0.202111181127/tools/bin/../lib/gcc/arm-none-eabi/10.3.1/../../../../arm-none-eabi/lib/thumb/v7e-m+fp/hard/libc_nano.a
LOAD /opt/st/stm32cubeide_1.7.0/plugins/com.st.stm32cube.ide.mcu.externaltools.gnu-tools-for-stm32.10.3-2021.10.linux64_1.0.0.202111181127/tools/bin/../lib/gcc/arm-none-eabi/10.3.1/../../../../arm-none-eabi/lib/thumb/v7e-m+fp/hard/libnosys.a
END GROUP
START GROUP
LOAD /opt/st/stm32cubeide_1.7.0/plugins/com.st.stm32cube.ide.mcu.externaltools.gnu-tools-for-stm32.10.3-2021.10.linux64_1.0.0.202111181127/tools/bin/../lib/gcc/arm-none-eabi/10.3.1/thumb/v7e-m+fp/hard/libgcc.a
LOAD /opt/st/stm32cubeide_1.7.0/plugins/com.st.stm32cube.ide.mcu.externaltools.gnu-tools-for-stm32.10.3-2021.10.linux64_1.0.0.202111181127/tools/bin/../lib/gcc/arm-none-eabi/10.3.1/../../../../arm-none-eabi/lib/thumb/v7e-m+fp/hard/libc_nano.a
LOAD /opt/st/stm32cubeide_1.7.0/plugins/com.st.stm32cube.ide.mcu.externaltools.gnu-tools-for-stm32.10.3-2021.10.linux64_1.0.0.202111181127/tools/bin/../lib/gcc/arm-none-eabi/10.3.1/../../../../arm-none-eabi/lib/thumb/v7e-m+fp/hard/libnosys.a
END GROUP
LOAD /opt/st/stm32cubeide_1.7.0/plugins/com.st.stm32cube.ide.mcu.externaltools.gnu-tools-for-stm32.10.3-2021.10.linux64_1.0.0.202111181127/tools/bin/../lib/gcc/arm-none-eabi/10.3.1/thumb/v7e-m+fp/hard/crtend.o
LOAD /opt/st/stm32cubeide_1.7.0/plugins/com.st.stm32cube.ide.mcu.externaltools.gnu-tools-for-stm32.10.3-2021.10.linux64_1.0.0.202111181127/tools/bin/../lib/gcc/arm-none-eabi/10.3.1/thumb/v7e-m+fp/hard/crtn.o
                0x0000000020030000                _estack = (ORIGIN (RAM) + LENGTH (RAM))
                0x0000000000000200                _Min_Heap_Size = 0x200
                0x0000000000000400                _Min_Stack_Size = 0x400

.isr_vector     0x0000000008000000      0x1ac
                0x0000000008000000                . = ALIGN (0x4)
 *(.isr_vector)
 .isr_vector    0x0000000008000000      0x1ac ./Core/Startup/startup_stm32f429zitx.o
                0x0000000008000000                g_pfnVectors
                0x00000000080001ac                . = ALIGN (0x4)

.text           0x00000000080001b0     0x5c10
                0x00000000080001b0                . = ALIGN (0x4)
 *(.text)
 .text          0x00000000080001b0       0x40 /opt/st/stm32cubeide_1.7.0/plugins/com.st.stm32cube.ide.mcu.externaltools.gnu-tools-for-stm32.10.3-2021.10.linux64_1.0.0.202111181127/tools/bin/../lib/gcc/arm-none-eabi/10.3.1/thumb/v7e-m+fp/hard/crtbegin.o
 .text          0x00000000080001f0       0x10 /opt/st/stm32cubeide_1.7.0/plugins/com.st.stm32cube.ide.mcu.externaltools.gnu-tools-for-stm32.10.3-2021.10.linux64_1.0.0.202111181127/tools/bin/../lib/gcc/arm-none-eabi/10.3.1/../../../../arm-none-eabi/lib/thumb/v7e-m+fp/hard/libc_nano.a(lib_a-strlen.o)
                0x00000000080001f0                strlen
 .text          0x0000000008000200       0xa0 /opt/st/stm32cubeide_1.7.0/plugins/com.st.stm32cube.ide.mcu.externaltools.gnu-tools-for-stm32.10.3-2021.10.linux64_1.0.0.202111181127/tools/bin/../lib/gcc/arm-none-eabi/10.3.1/../../../../arm-none-eabi/lib/thumb/v7e-m+fp/hard/libc_nano.a(lib_a-memchr.o)
                0x0000000008000200                memchr
 .text          0x00000000080002a0      0x254 /opt/st/stm32cubeide_1.7.0/plugins/com.st.stm32cube.ide.mcu.externaltools.gnu-tools-for-stm32.10.3-2021.10.linux64_1.0.0.202111181127/tools/bin/../lib/gcc/arm-none-eabi/10.3.1/thumb/v7e-m+fp/hard/libgcc.a(_arm_muldf3.o)
                0x00000000080002a0                __aeabi_dmul
                0x00000000080002a0                __muldf3
 .text          0x00000000080004f4      0x378 /opt/st/stm32cubeide_1.7.0/plugins/com.st.stm32cube.ide.mcu.externaltools.gnu-tools-for-stm32.10.3-2021.10.linux64_1.0.0.202111181127/tools/bin/../lib/gcc/arm-none-eabi/10.3.1/thumb/v7e-m+fp/hard/libgcc.a(_arm_addsubdf3.o)
                0x00000000080004f4                __aeabi_drsub
                0x00000000080004fc                __aeabi_dsub
                0x00000000080004fc                __subdf3
                0x0000000008000500                __adddf3
                0x0000000008000500                __aeabi_dadd
                0x0000000008000778                __aeabi_ui2d
                0x0000000008000778                __floatunsidf
                0x0000000008000798                __floatsidf
                0x0000000008000798                __aeabi_i2d
                0x00000000080007bc                __extendsfdf2
                0x00000000080007bc                __aeabi_f2d
                0x0000000008000800                __aeabi_ul2d
                0x0000000008000800                __floatundidf
                0x0000000008000810                __floatdidf
                0x0000000008000810                __aeabi_l2d
 .text          0x000000000800086c       0xa0 /opt/st/stm32cubeide_1.7.0/plugins/com.st.stm32cube.ide.mcu.externaltools.gnu-tools-for-stm32.10.3-2021.10.linux64_1.0.0.202111181127/tools/bin/../lib/gcc/arm-none-eabi/10.3.1/thumb/v7e-m+fp/hard/libgcc.a(_arm_truncdfsf2.o)
                0x000000000800086c                __aeabi_d2f
                0x000000000800086c                __truncdfsf2
 .text          0x000000000800090c       0x30 /opt/st/stm32cubeide_1.7.0/plugins/com.st.stm32cube.ide.mcu.externaltools.gnu-tools-for-stm32.10.3-2021.10.linux64_1.0.0.202111181127/tools/bin/../lib/gcc/arm-none-eabi/10.3.1/thumb/v7e-m+fp/hard/libgcc.a(_aeabi_uldivmod.o)
                0x000000000800090c                __aeabi_uldivmod
 .text          0x000000000800093c      0x2d0 /opt/st/stm32cubeide_1.7.0/plugins/com.st.stm32cube.ide.mcu.externaltools.gnu-tools-for-stm32.10.3-2021.10.linux64_1.0.0.202111181127/tools/bin/../lib/gcc/arm-none-eabi/10.3.1/thumb/v7e-m+fp/hard/libgcc.a(_udivmoddi4.o)
                0x000000000800093c                __udivmoddi4
 .text          0x0000000008000c0c        0x4 /opt/st/stm32cubeide_1.7.0/plugins/com.st.stm32cube.ide.mcu.externaltools.gnu-tools-for-stm32.10.3-2021.10.linux64_1.0.0.202111181127/tools/bin/../lib/gcc/arm-none-eabi/10.3.1/thumb/v7e-m+fp/hard/libgcc.a(_dvmd_tls.o)
                0x0000000008000c0c                __aeabi_ldiv0
                0x0000000008000c0c                __aeabi_idiv0
 *(.text*)
 .text.TMP102_InitDriver
                0x0000000008000c10       0x30 ./Core/Src/Driver_TMP102.o
                0x0000000008000c10                TMP102_InitDriver
 .text.TMP102_GetTemperatureMeasureUnit
                0x0000000008000c40       0x18 ./Core/Src/Driver_TMP102.o
                0x0000000008000c40                TMP102_GetTemperatureMeasureUnit
 .text.TMP102_SetTemperatureMeasureUnit
                0x0000000008000c58       0x20 ./Core/Src/Driver_TMP102.o
                0x0000000008000c58                TMP102_SetTemperatureMeasureUnit
 .text.TMP102_GetTemperature
                0x0000000008000c78       0x6a ./Core/Src/Driver_TMP102.o
                0x0000000008000c78                TMP102_GetTemperature
 *fill*         0x0000000008000ce2        0x6 
 .text.TMP102_ConvertTemperatureToMeasureUnit
                0x0000000008000ce8       0xbc ./Core/Src/Driver_TMP102.o
                0x0000000008000ce8                TMP102_ConvertTemperatureToMeasureUnit
 .text.TMP102_TestMeasurement
                0x0000000008000da4       0x22 ./Core/Src/Driver_TMP102.o
                0x0000000008000da4                TMP102_TestMeasurement
 *fill*         0x0000000008000dc6        0x2 
 .text.TMP102_Port_I2C_Init_Handler
                0x0000000008000dc8       0x70 ./Core/Src/Driver_TMP102_Port.o
                0x0000000008000dc8                TMP102_Port_I2C_Init_Handler
 .text.TMP102_Port_I2C_Send
                0x0000000008000e38       0x40 ./Core/Src/Driver_TMP102_Port.o
                0x0000000008000e38                TMP102_Port_I2C_Send
 .text.TMP102_Port_I2C_Receive
                0x0000000008000e78       0x40 ./Core/Src/Driver_TMP102_Port.o
                0x0000000008000e78                TMP102_Port_I2C_Receive
 .text.TMP102_Port_Convert_Error_To_Upper_Layer
                0x0000000008000eb8       0x84 ./Core/Src/Driver_TMP102_Port.o
                0x0000000008000eb8                TMP102_Port_Convert_Error_To_Upper_Layer
 .text.vPrintString
                0x0000000008000f3c       0x28 ./Core/Src/main.o
                0x0000000008000f3c                vPrintString
 .text.main     0x0000000008000f64      0x154 ./Core/Src/main.o
                0x0000000008000f64                main
 .text.SystemClock_Config
                0x00000000080010b8       0xd4 ./Core/Src/main.o
                0x00000000080010b8                SystemClock_Config
 .text.MX_ADC1_Init
                0x000000000800118c       0xa4 ./Core/Src/main.o
 .text.MX_ETH_Init
                0x0000000008001230       0x9c ./Core/Src/main.o
 .text.MX_USART3_UART_Init
                0x00000000080012cc       0x54 ./Core/Src/main.o
 .text.MX_USB_OTG_FS_PCD_Init
                0x0000000008001320       0x5c ./Core/Src/main.o
 .text.MX_GPIO_Init
                0x000000000800137c      0x1c4 ./Core/Src/main.o
 .text.Error_Handler
                0x0000000008001540        0xa ./Core/Src/main.o
                0x0000000008001540                Error_Handler
 *fill*         0x000000000800154a        0x2 
 .text.HAL_MspInit
                0x000000000800154c       0x50 ./Core/Src/stm32f4xx_hal_msp.o
                0x000000000800154c                HAL_MspInit
 .text.HAL_ADC_MspInit
                0x000000000800159c       0x88 ./Core/Src/stm32f4xx_hal_msp.o
                0x000000000800159c                HAL_ADC_MspInit
 .text.HAL_ETH_MspInit
                0x0000000008001624      0x18c ./Core/Src/stm32f4xx_hal_msp.o
                0x0000000008001624                HAL_ETH_MspInit
 .text.HAL_I2C_MspInit
                0x00000000080017b0       0x90 ./Core/Src/stm32f4xx_hal_msp.o
                0x00000000080017b0                HAL_I2C_MspInit
 .text.HAL_UART_MspInit
                0x0000000008001840       0x90 ./Core/Src/stm32f4xx_hal_msp.o
                0x0000000008001840                HAL_UART_MspInit
 .text.HAL_PCD_MspInit
                0x00000000080018d0       0xb4 ./Core/Src/stm32f4xx_hal_msp.o
                0x00000000080018d0                HAL_PCD_MspInit
 .text.NMI_Handler
                0x0000000008001984        0x6 ./Core/Src/stm32f4xx_it.o
                0x0000000008001984                NMI_Handler
 .text.HardFault_Handler
                0x000000000800198a        0x6 ./Core/Src/stm32f4xx_it.o
                0x000000000800198a                HardFault_Handler
 .text.MemManage_Handler
                0x0000000008001990        0x6 ./Core/Src/stm32f4xx_it.o
                0x0000000008001990                MemManage_Handler
 .text.BusFault_Handler
                0x0000000008001996        0x6 ./Core/Src/stm32f4xx_it.o
                0x0000000008001996                BusFault_Handler
 .text.UsageFault_Handler
                0x000000000800199c        0x6 ./Core/Src/stm32f4xx_it.o
                0x000000000800199c                UsageFault_Handler
 .text.SVC_Handler
                0x00000000080019a2        0xe ./Core/Src/stm32f4xx_it.o
                0x00000000080019a2                SVC_Handler
 .text.DebugMon_Handler
                0x00000000080019b0        0xe ./Core/Src/stm32f4xx_it.o
                0x00000000080019b0                DebugMon_Handler
 .text.PendSV_Handler
                0x00000000080019be        0xe ./Core/Src/stm32f4xx_it.o
                0x00000000080019be                PendSV_Handler
 .text.SysTick_Handler
                0x00000000080019cc        0xc ./Core/Src/stm32f4xx_it.o
                0x00000000080019cc                SysTick_Handler
 .text._sbrk    0x00000000080019d8       0x6c ./Core/Src/sysmem.o
                0x00000000080019d8                _sbrk
 .text.SystemInit
                0x0000000008001a44       0x24 ./Core/Src/system_stm32f4xx.o
                0x0000000008001a44                SystemInit
 .text.Reset_Handler
                0x0000000008001a68       0x50 ./Core/Startup/startup_stm32f429zitx.o
                0x0000000008001a68                Reset_Handler
 .text.Default_Handler
                0x0000000008001ab8        0x2 ./Core/Startup/startup_stm32f429zitx.o
                0x0000000008001ab8                RTC_Alarm_IRQHandler
                0x0000000008001ab8                HASH_RNG_IRQHandler
                0x0000000008001ab8                EXTI2_IRQHandler
                0x0000000008001ab8                TIM8_CC_IRQHandler
                0x0000000008001ab8                UART8_IRQHandler
                0x0000000008001ab8                SPI4_IRQHandler
                0x0000000008001ab8                TIM1_CC_IRQHandler
                0x0000000008001ab8                DMA2_Stream5_IRQHandler
                0x0000000008001ab8                DMA1_Stream5_IRQHandler
                0x0000000008001ab8                PVD_IRQHandler
                0x0000000008001ab8                SDIO_IRQHandler
                0x0000000008001ab8                TAMP_STAMP_IRQHandler
                0x0000000008001ab8                CAN2_RX1_IRQHandler
                0x0000000008001ab8                EXTI3_IRQHandler
                0x0000000008001ab8                TIM8_TRG_COM_TIM14_IRQHandler
                0x0000000008001ab8                TIM1_UP_TIM10_IRQHandler
                0x0000000008001ab8                TIM8_UP_TIM13_IRQHandler
                0x0000000008001ab8                I2C3_ER_IRQHandler
                0x0000000008001ab8                EXTI0_IRQHandler
                0x0000000008001ab8                I2C2_EV_IRQHandler
                0x0000000008001ab8                DMA1_Stream2_IRQHandler
                0x0000000008001ab8                CAN1_RX0_IRQHandler
                0x0000000008001ab8                FPU_IRQHandler
                0x0000000008001ab8                OTG_HS_WKUP_IRQHandler
                0x0000000008001ab8                LTDC_ER_IRQHandler
                0x0000000008001ab8                CAN2_SCE_IRQHandler
                0x0000000008001ab8                DMA2_Stream2_IRQHandler
                0x0000000008001ab8                SPI1_IRQHandler
                0x0000000008001ab8                TIM6_DAC_IRQHandler
                0x0000000008001ab8                TIM1_BRK_TIM9_IRQHandler
                0x0000000008001ab8                DCMI_IRQHandler
                0x0000000008001ab8                CAN2_RX0_IRQHandler
                0x0000000008001ab8                DMA2_Stream3_IRQHandler
                0x0000000008001ab8                USART6_IRQHandler
                0x0000000008001ab8                USART3_IRQHandler
                0x0000000008001ab8                CAN1_RX1_IRQHandler
                0x0000000008001ab8                UART5_IRQHandler
                0x0000000008001ab8                DMA2_Stream0_IRQHandler
                0x0000000008001ab8                TIM4_IRQHandler
                0x0000000008001ab8                I2C1_EV_IRQHandler
                0x0000000008001ab8                DMA1_Stream6_IRQHandler
                0x0000000008001ab8                DMA1_Stream1_IRQHandler
                0x0000000008001ab8                UART4_IRQHandler
                0x0000000008001ab8                TIM3_IRQHandler
                0x0000000008001ab8                RCC_IRQHandler
                0x0000000008001ab8                TIM8_BRK_TIM12_IRQHandler
                0x0000000008001ab8                Default_Handler
                0x0000000008001ab8                EXTI15_10_IRQHandler
                0x0000000008001ab8                ADC_IRQHandler
                0x0000000008001ab8                DMA1_Stream7_IRQHandler
                0x0000000008001ab8                SPI5_IRQHandler
                0x0000000008001ab8                TIM7_IRQHandler
                0x0000000008001ab8                CAN2_TX_IRQHandler
                0x0000000008001ab8                TIM5_IRQHandler
                0x0000000008001ab8                DMA2_Stream7_IRQHandler
                0x0000000008001ab8                I2C3_EV_IRQHandler
                0x0000000008001ab8                EXTI9_5_IRQHandler
                0x0000000008001ab8                RTC_WKUP_IRQHandler
                0x0000000008001ab8                LTDC_IRQHandler
                0x0000000008001ab8                ETH_WKUP_IRQHandler
                0x0000000008001ab8                SPI2_IRQHandler
                0x0000000008001ab8                OTG_HS_EP1_IN_IRQHandler
                0x0000000008001ab8                DMA1_Stream0_IRQHandler
                0x0000000008001ab8                CAN1_TX_IRQHandler
                0x0000000008001ab8                EXTI4_IRQHandler
                0x0000000008001ab8                ETH_IRQHandler
                0x0000000008001ab8                OTG_HS_EP1_OUT_IRQHandler
                0x0000000008001ab8                WWDG_IRQHandler
                0x0000000008001ab8                SPI6_IRQHandler
                0x0000000008001ab8                TIM2_IRQHandler
                0x0000000008001ab8                OTG_FS_WKUP_IRQHandler
                0x0000000008001ab8                TIM1_TRG_COM_TIM11_IRQHandler
                0x0000000008001ab8                OTG_HS_IRQHandler
                0x0000000008001ab8                DMA2D_IRQHandler
                0x0000000008001ab8                EXTI1_IRQHandler
                0x0000000008001ab8                UART7_IRQHandler
                0x0000000008001ab8                USART2_IRQHandler
                0x0000000008001ab8                I2C2_ER_IRQHandler
                0x0000000008001ab8                DMA2_Stream1_IRQHandler
                0x0000000008001ab8                CAN1_SCE_IRQHandler
                0x0000000008001ab8                FLASH_IRQHandler
                0x0000000008001ab8                DMA2_Stream4_IRQHandler
                0x0000000008001ab8                USART1_IRQHandler
                0x0000000008001ab8                OTG_FS_IRQHandler
                0x0000000008001ab8                SPI3_IRQHandler
                0x0000000008001ab8                DMA1_Stream4_IRQHandler
                0x0000000008001ab8                I2C1_ER_IRQHandler
                0x0000000008001ab8                FMC_IRQHandler
                0x0000000008001ab8                DMA2_Stream6_IRQHandler
                0x0000000008001ab8                SAI1_IRQHandler
                0x0000000008001ab8                DMA1_Stream3_IRQHandler
 *fill*         0x0000000008001aba        0x2 
 .text.HAL_Init
                0x0000000008001abc       0x44 ./Drivers/STM32F4xx_HAL_Driver/Src/stm32f4xx_hal.o
                0x0000000008001abc                HAL_Init
 .text.HAL_InitTick
                0x0000000008001b00       0x60 ./Drivers/STM32F4xx_HAL_Driver/Src/stm32f4xx_hal.o
                0x0000000008001b00                HAL_InitTick
 .text.HAL_IncTick
                0x0000000008001b60       0x28 ./Drivers/STM32F4xx_HAL_Driver/Src/stm32f4xx_hal.o
                0x0000000008001b60                HAL_IncTick
 .text.HAL_GetTick
                0x0000000008001b88       0x18 ./Drivers/STM32F4xx_HAL_Driver/Src/stm32f4xx_hal.o
                0x0000000008001b88                HAL_GetTick
 .text.HAL_Delay
                0x0000000008001ba0       0x48 ./Drivers/STM32F4xx_HAL_Driver/Src/stm32f4xx_hal.o
                0x0000000008001ba0                HAL_Delay
 .text.HAL_ADC_Init
                0x0000000008001be8       0x86 ./Drivers/STM32F4xx_HAL_Driver/Src/stm32f4xx_hal_adc.o
                0x0000000008001be8                HAL_ADC_Init
 *fill*         0x0000000008001c6e        0x2 
 .text.HAL_ADC_ConfigChannel
                0x0000000008001c70      0x264 ./Drivers/STM32F4xx_HAL_Driver/Src/stm32f4xx_hal_adc.o
                0x0000000008001c70                HAL_ADC_ConfigChannel
 .text.ADC_Init
                0x0000000008001ed4      0x1f8 ./Drivers/STM32F4xx_HAL_Driver/Src/stm32f4xx_hal_adc.o
 .text.__NVIC_SetPriorityGrouping
                0x00000000080020cc       0x48 ./Drivers/STM32F4xx_HAL_Driver/Src/stm32f4xx_hal_cortex.o
 .text.__NVIC_GetPriorityGrouping
                0x0000000008002114       0x1c ./Drivers/STM32F4xx_HAL_Driver/Src/stm32f4xx_hal_cortex.o
 .text.__NVIC_SetPriority
                0x0000000008002130       0x54 ./Drivers/STM32F4xx_HAL_Driver/Src/stm32f4xx_hal_cortex.o
 .text.NVIC_EncodePriority
                0x0000000008002184       0x66 ./Drivers/STM32F4xx_HAL_Driver/Src/stm32f4xx_hal_cortex.o
 *fill*         0x00000000080021ea        0x2 
 .text.SysTick_Config
                0x00000000080021ec       0x44 ./Drivers/STM32F4xx_HAL_Driver/Src/stm32f4xx_hal_cortex.o
 .text.HAL_NVIC_SetPriorityGrouping
                0x0000000008002230       0x16 ./Drivers/STM32F4xx_HAL_Driver/Src/stm32f4xx_hal_cortex.o
                0x0000000008002230                HAL_NVIC_SetPriorityGrouping
 .text.HAL_NVIC_SetPriority
                0x0000000008002246       0x38 ./Drivers/STM32F4xx_HAL_Driver/Src/stm32f4xx_hal_cortex.o
                0x0000000008002246                HAL_NVIC_SetPriority
 .text.HAL_SYSTICK_Config
                0x000000000800227e       0x18 ./Drivers/STM32F4xx_HAL_Driver/Src/stm32f4xx_hal_cortex.o
                0x000000000800227e                HAL_SYSTICK_Config
 *fill*         0x0000000008002296        0x2 
 .text.HAL_ETH_Init
                0x0000000008002298       0xfc ./Drivers/STM32F4xx_HAL_Driver/Src/stm32f4xx_hal_eth.o
                0x0000000008002298                HAL_ETH_Init
 .text.ETH_SetMACConfig
                0x0000000008002394      0x138 ./Drivers/STM32F4xx_HAL_Driver/Src/stm32f4xx_hal_eth.o
 .text.ETH_SetDMAConfig
                0x00000000080024cc      0x114 ./Drivers/STM32F4xx_HAL_Driver/Src/stm32f4xx_hal_eth.o
 .text.ETH_MACDMAConfig
                0x00000000080025e0       0xe4 ./Drivers/STM32F4xx_HAL_Driver/Src/stm32f4xx_hal_eth.o
 .text.ETH_MACAddressConfig
                0x00000000080026c4       0x70 ./Drivers/STM32F4xx_HAL_Driver/Src/stm32f4xx_hal_eth.o
 .text.ETH_DMATxDescListInit
                0x0000000008002734       0xb2 ./Drivers/STM32F4xx_HAL_Driver/Src/stm32f4xx_hal_eth.o
 .text.ETH_DMARxDescListInit
                0x00000000080027e6       0xda ./Drivers/STM32F4xx_HAL_Driver/Src/stm32f4xx_hal_eth.o
 .text.HAL_GPIO_Init
                0x00000000080028c0      0x358 ./Drivers/STM32F4xx_HAL_Driver/Src/stm32f4xx_hal_gpio.o
                0x00000000080028c0                HAL_GPIO_Init
 .text.HAL_GPIO_WritePin
                0x0000000008002c18       0x32 ./Drivers/STM32F4xx_HAL_Driver/Src/stm32f4xx_hal_gpio.o
                0x0000000008002c18                HAL_GPIO_WritePin
 *fill*         0x0000000008002c4a        0x2 
 .text.HAL_I2C_Init
                0x0000000008002c4c      0x288 ./Drivers/STM32F4xx_HAL_Driver/Src/stm32f4xx_hal_i2c.o
                0x0000000008002c4c                HAL_I2C_Init
 .text.HAL_I2C_Master_Transmit
                0x0000000008002ed4      0x1fc ./Drivers/STM32F4xx_HAL_Driver/Src/stm32f4xx_hal_i2c.o
                0x0000000008002ed4                HAL_I2C_Master_Transmit
 .text.HAL_I2C_Master_Receive
                0x00000000080030d0      0x44c ./Drivers/STM32F4xx_HAL_Driver/Src/stm32f4xx_hal_i2c.o
                0x00000000080030d0                HAL_I2C_Master_Receive
 .text.I2C_MasterRequestWrite
                0x000000000800351c      0x104 ./Drivers/STM32F4xx_HAL_Driver/Src/stm32f4xx_hal_i2c.o
 .text.I2C_MasterRequestRead
                0x0000000008003620      0x19c ./Drivers/STM32F4xx_HAL_Driver/Src/stm32f4xx_hal_i2c.o
 .text.I2C_WaitOnFlagUntilTimeout
                0x00000000080037bc       0xae ./Drivers/STM32F4xx_HAL_Driver/Src/stm32f4xx_hal_i2c.o
 .text.I2C_WaitOnMasterAddressFlagUntilTimeout
                0x000000000800386a       0xfe ./Drivers/STM32F4xx_HAL_Driver/Src/stm32f4xx_hal_i2c.o
 .text.I2C_WaitOnTXEFlagUntilTimeout
                0x0000000008003968       0x82 ./Drivers/STM32F4xx_HAL_Driver/Src/stm32f4xx_hal_i2c.o
 .text.I2C_WaitOnBTFFlagUntilTimeout
                0x00000000080039ea       0x82 ./Drivers/STM32F4xx_HAL_Driver/Src/stm32f4xx_hal_i2c.o
 .text.I2C_WaitOnRXNEFlagUntilTimeout
                0x0000000008003a6c       0xac ./Drivers/STM32F4xx_HAL_Driver/Src/stm32f4xx_hal_i2c.o
 .text.I2C_IsAcknowledgeFailed
                0x0000000008003b18       0x5e ./Drivers/STM32F4xx_HAL_Driver/Src/stm32f4xx_hal_i2c.o
 .text.HAL_PCD_Init
                0x0000000008003b76      0x23a ./Drivers/STM32F4xx_HAL_Driver/Src/stm32f4xx_hal_pcd.o
                0x0000000008003b76                HAL_PCD_Init
 .text.HAL_RCC_OscConfig
                0x0000000008003db0      0x4f0 ./Drivers/STM32F4xx_HAL_Driver/Src/stm32f4xx_hal_rcc.o
                0x0000000008003db0                HAL_RCC_OscConfig
 .text.HAL_RCC_ClockConfig
                0x00000000080042a0      0x1cc ./Drivers/STM32F4xx_HAL_Driver/Src/stm32f4xx_hal_rcc.o
                0x00000000080042a0                HAL_RCC_ClockConfig
 .text.HAL_RCC_GetSysClockFreq
                0x000000000800446c      0x20c ./Drivers/STM32F4xx_HAL_Driver/Src/stm32f4xx_hal_rcc.o
                0x000000000800446c                HAL_RCC_GetSysClockFreq
 .text.HAL_RCC_GetHCLKFreq
                0x0000000008004678       0x18 ./Drivers/STM32F4xx_HAL_Driver/Src/stm32f4xx_hal_rcc.o
                0x0000000008004678                HAL_RCC_GetHCLKFreq
 .text.HAL_RCC_GetPCLK1Freq
                0x0000000008004690       0x28 ./Drivers/STM32F4xx_HAL_Driver/Src/stm32f4xx_hal_rcc.o
                0x0000000008004690                HAL_RCC_GetPCLK1Freq
 .text.HAL_RCC_GetPCLK2Freq
                0x00000000080046b8       0x28 ./Drivers/STM32F4xx_HAL_Driver/Src/stm32f4xx_hal_rcc.o
                0x00000000080046b8                HAL_RCC_GetPCLK2Freq
 .text.HAL_UART_Init
                0x00000000080046e0       0x9a ./Drivers/STM32F4xx_HAL_Driver/Src/stm32f4xx_hal_uart.o
                0x00000000080046e0                HAL_UART_Init
 .text.HAL_UART_Transmit
                0x000000000800477a      0x124 ./Drivers/STM32F4xx_HAL_Driver/Src/stm32f4xx_hal_uart.o
                0x000000000800477a                HAL_UART_Transmit
 .text.UART_WaitOnFlagUntilTimeout
                0x000000000800489e       0xdc ./Drivers/STM32F4xx_HAL_Driver/Src/stm32f4xx_hal_uart.o
 *fill*         0x000000000800497a        0x2 
 .text.UART_SetConfig
                0x000000000800497c      0x4e8 ./Drivers/STM32F4xx_HAL_Driver/Src/stm32f4xx_hal_uart.o
 .text.USB_CoreInit
                0x0000000008004e64       0xc2 ./Drivers/STM32F4xx_HAL_Driver/Src/stm32f4xx_ll_usb.o
                0x0000000008004e64                USB_CoreInit
 .text.USB_DisableGlobalInt
                0x0000000008004f26       0x22 ./Drivers/STM32F4xx_HAL_Driver/Src/stm32f4xx_ll_usb.o
                0x0000000008004f26                USB_DisableGlobalInt
 .text.USB_SetCurrentMode
                0x0000000008004f48       0x98 ./Drivers/STM32F4xx_HAL_Driver/Src/stm32f4xx_ll_usb.o
                0x0000000008004f48                USB_SetCurrentMode
 .text.USB_DevInit
                0x0000000008004fe0      0x2c8 ./Drivers/STM32F4xx_HAL_Driver/Src/stm32f4xx_ll_usb.o
                0x0000000008004fe0                USB_DevInit
 .text.USB_FlushTxFifo
                0x00000000080052a8       0x68 ./Drivers/STM32F4xx_HAL_Driver/Src/stm32f4xx_ll_usb.o
                0x00000000080052a8                USB_FlushTxFifo
 .text.USB_FlushRxFifo
                0x0000000008005310       0x60 ./Drivers/STM32F4xx_HAL_Driver/Src/stm32f4xx_ll_usb.o
                0x0000000008005310                USB_FlushRxFifo
 .text.USB_SetDevSpeed
                0x0000000008005370       0x32 ./Drivers/STM32F4xx_HAL_Driver/Src/stm32f4xx_ll_usb.o
                0x0000000008005370                USB_SetDevSpeed
 .text.USB_DevDisconnect
                0x00000000080053a2       0x42 ./Drivers/STM32F4xx_HAL_Driver/Src/stm32f4xx_ll_usb.o
                0x00000000080053a2                USB_DevDisconnect
 .text.USB_GetMode
                0x00000000080053e4       0x1c ./Drivers/STM32F4xx_HAL_Driver/Src/stm32f4xx_ll_usb.o
                0x00000000080053e4                USB_GetMode
 .text.USB_CoreReset
                0x0000000008005400       0x68 ./Drivers/STM32F4xx_HAL_Driver/Src/stm32f4xx_ll_usb.o
 .text.__errno  0x0000000008005468        0xc /opt/st/stm32cubeide_1.7.0/plugins/com.st.stm32cube.ide.mcu.externaltools.gnu-tools-for-stm32.10.3-2021.10.linux64_1.0.0.202111181127/tools/bin/../lib/gcc/arm-none-eabi/10.3.1/../../../../arm-none-eabi/lib/thumb/v7e-m+fp/hard/libc_nano.a(lib_a-errno.o)
                0x0000000008005468                __errno
 .text.__libc_init_array
                0x0000000008005474       0x48 /opt/st/stm32cubeide_1.7.0/plugins/com.st.stm32cube.ide.mcu.externaltools.gnu-tools-for-stm32.10.3-2021.10.linux64_1.0.0.202111181127/tools/bin/../lib/gcc/arm-none-eabi/10.3.1/../../../../arm-none-eabi/lib/thumb/v7e-m+fp/hard/libc_nano.a(lib_a-init.o)
                0x0000000008005474                __libc_init_array
 .text.memset   0x00000000080054bc       0x10 /opt/st/stm32cubeide_1.7.0/plugins/com.st.stm32cube.ide.mcu.externaltools.gnu-tools-for-stm32.10.3-2021.10.linux64_1.0.0.202111181127/tools/bin/../lib/gcc/arm-none-eabi/10.3.1/../../../../arm-none-eabi/lib/thumb/v7e-m+fp/hard/libc_nano.a(lib_a-memset.o)
                0x00000000080054bc                memset
 .text.sprintf  0x00000000080054cc       0x40 /opt/st/stm32cubeide_1.7.0/plugins/com.st.stm32cube.ide.mcu.externaltools.gnu-tools-for-stm32.10.3-2021.10.linux64_1.0.0.202111181127/tools/bin/../lib/gcc/arm-none-eabi/10.3.1/../../../../arm-none-eabi/lib/thumb/v7e-m+fp/hard/libc_nano.a(lib_a-sprintf.o)
                0x00000000080054cc                sprintf
                0x00000000080054cc                siprintf
 .text.__ssputs_r
                0x000000000800550c       0xb6 /opt/st/stm32cubeide_1.7.0/plugins/com.st.stm32cube.ide.mcu.externaltools.gnu-tools-for-stm32.10.3-2021.10.linux64_1.0.0.202111181127/tools/bin/../lib/gcc/arm-none-eabi/10.3.1/../../../../arm-none-eabi/lib/thumb/v7e-m+fp/hard/libc_nano.a(lib_a-nano-svfprintf.o)
                0x000000000800550c                __ssputs_r
 *fill*         0x00000000080055c2        0x2 
 .text._svfprintf_r
                0x00000000080055c4      0x200 /opt/st/stm32cubeide_1.7.0/plugins/com.st.stm32cube.ide.mcu.externaltools.gnu-tools-for-stm32.10.3-2021.10.linux64_1.0.0.202111181127/tools/bin/../lib/gcc/arm-none-eabi/10.3.1/../../../../arm-none-eabi/lib/thumb/v7e-m+fp/hard/libc_nano.a(lib_a-nano-svfprintf.o)
                0x00000000080055c4                _svfprintf_r
                0x00000000080055c4                _svfiprintf_r
 .text._printf_common
                0x00000000080057c4       0xda /opt/st/stm32cubeide_1.7.0/plugins/com.st.stm32cube.ide.mcu.externaltools.gnu-tools-for-stm32.10.3-2021.10.linux64_1.0.0.202111181127/tools/bin/../lib/gcc/arm-none-eabi/10.3.1/../../../../arm-none-eabi/lib/thumb/v7e-m+fp/hard/libc_nano.a(lib_a-nano-vfprintf_i.o)
                0x00000000080057c4                _printf_common
 *fill*         0x000000000800589e        0x2 
 .text._printf_i
                0x00000000080058a0      0x24c /opt/st/stm32cubeide_1.7.0/plugins/com.st.stm32cube.ide.mcu.externaltools.gnu-tools-for-stm32.10.3-2021.10.linux64_1.0.0.202111181127/tools/bin/../lib/gcc/arm-none-eabi/10.3.1/../../../../arm-none-eabi/lib/thumb/v7e-m+fp/hard/libc_nano.a(lib_a-nano-vfprintf_i.o)
                0x00000000080058a0                _printf_i
 .text.memcpy   0x0000000008005aec       0x1c /opt/st/stm32cubeide_1.7.0/plugins/com.st.stm32cube.ide.mcu.externaltools.gnu-tools-for-stm32.10.3-2021.10.linux64_1.0.0.202111181127/tools/bin/../lib/gcc/arm-none-eabi/10.3.1/../../../../arm-none-eabi/lib/thumb/v7e-m+fp/hard/libc_nano.a(lib_a-memcpy-stub.o)
                0x0000000008005aec                memcpy
 .text.memmove  0x0000000008005b08       0x34 /opt/st/stm32cubeide_1.7.0/plugins/com.st.stm32cube.ide.mcu.externaltools.gnu-tools-for-stm32.10.3-2021.10.linux64_1.0.0.202111181127/tools/bin/../lib/gcc/arm-none-eabi/10.3.1/../../../../arm-none-eabi/lib/thumb/v7e-m+fp/hard/libc_nano.a(lib_a-memmove.o)
                0x0000000008005b08                memmove
 .text._free_r  0x0000000008005b3c       0x98 /opt/st/stm32cubeide_1.7.0/plugins/com.st.stm32cube.ide.mcu.externaltools.gnu-tools-for-stm32.10.3-2021.10.linux64_1.0.0.202111181127/tools/bin/../lib/gcc/arm-none-eabi/10.3.1/../../../../arm-none-eabi/lib/thumb/v7e-m+fp/hard/libc_nano.a(lib_a-nano-freer.o)
                0x0000000008005b3c                _free_r
 .text.sbrk_aligned
                0x0000000008005bd4       0x40 /opt/st/stm32cubeide_1.7.0/plugins/com.st.stm32cube.ide.mcu.externaltools.gnu-tools-for-stm32.10.3-2021.10.linux64_1.0.0.202111181127/tools/bin/../lib/gcc/arm-none-eabi/10.3.1/../../../../arm-none-eabi/lib/thumb/v7e-m+fp/hard/libc_nano.a(lib_a-nano-mallocr.o)
 .text._malloc_r
                0x0000000008005c14       0xe8 /opt/st/stm32cubeide_1.7.0/plugins/com.st.stm32cube.ide.mcu.externaltools.gnu-tools-for-stm32.10.3-2021.10.linux64_1.0.0.202111181127/tools/bin/../lib/gcc/arm-none-eabi/10.3.1/../../../../arm-none-eabi/lib/thumb/v7e-m+fp/hard/libc_nano.a(lib_a-nano-mallocr.o)
                0x0000000008005c14                _malloc_r
 .text._realloc_r
                0x0000000008005cfc       0x5e /opt/st/stm32cubeide_1.7.0/plugins/com.st.stm32cube.ide.mcu.externaltools.gnu-tools-for-stm32.10.3-2021.10.linux64_1.0.0.202111181127/tools/bin/../lib/gcc/arm-none-eabi/10.3.1/../../../../arm-none-eabi/lib/thumb/v7e-m+fp/hard/libc_nano.a(lib_a-nano-reallocr.o)
                0x0000000008005cfc                _realloc_r
 *fill*         0x0000000008005d5a        0x2 
 .text._sbrk_r  0x0000000008005d5c       0x20 /opt/st/stm32cubeide_1.7.0/plugins/com.st.stm32cube.ide.mcu.externaltools.gnu-tools-for-stm32.10.3-2021.10.linux64_1.0.0.202111181127/tools/bin/../lib/gcc/arm-none-eabi/10.3.1/../../../../arm-none-eabi/lib/thumb/v7e-m+fp/hard/libc_nano.a(lib_a-sbrkr.o)
                0x0000000008005d5c                _sbrk_r
 .text.__malloc_lock
                0x0000000008005d7c        0xc /opt/st/stm32cubeide_1.7.0/plugins/com.st.stm32cube.ide.mcu.externaltools.gnu-tools-for-stm32.10.3-2021.10.linux64_1.0.0.202111181127/tools/bin/../lib/gcc/arm-none-eabi/10.3.1/../../../../arm-none-eabi/lib/thumb/v7e-m+fp/hard/libc_nano.a(lib_a-mlock.o)
                0x0000000008005d7c                __malloc_lock
 .text.__malloc_unlock
                0x0000000008005d88        0xc /opt/st/stm32cubeide_1.7.0/plugins/com.st.stm32cube.ide.mcu.externaltools.gnu-tools-for-stm32.10.3-2021.10.linux64_1.0.0.202111181127/tools/bin/../lib/gcc/arm-none-eabi/10.3.1/../../../../arm-none-eabi/lib/thumb/v7e-m+fp/hard/libc_nano.a(lib_a-mlock.o)
                0x0000000008005d88                __malloc_unlock
 .text._malloc_usable_size_r
                0x0000000008005d94       0x10 /opt/st/stm32cubeide_1.7.0/plugins/com.st.stm32cube.ide.mcu.externaltools.gnu-tools-for-stm32.10.3-2021.10.linux64_1.0.0.202111181127/tools/bin/../lib/gcc/arm-none-eabi/10.3.1/../../../../arm-none-eabi/lib/thumb/v7e-m+fp/hard/libc_nano.a(lib_a-nano-msizer.o)
                0x0000000008005d94                _malloc_usable_size_r
 .text.__retarget_lock_acquire_recursive
                0x0000000008005da4        0x2 /opt/st/stm32cubeide_1.7.0/plugins/com.st.stm32cube.ide.mcu.externaltools.gnu-tools-for-stm32.10.3-2021.10.linux64_1.0.0.202111181127/tools/bin/../lib/gcc/arm-none-eabi/10.3.1/../../../../arm-none-eabi/lib/thumb/v7e-m+fp/hard/libc_nano.a(lib_a-lock.o)
                0x0000000008005da4                __retarget_lock_acquire_recursive
 .text.__retarget_lock_release_recursive
                0x0000000008005da6        0x2 /opt/st/stm32cubeide_1.7.0/plugins/com.st.stm32cube.ide.mcu.externaltools.gnu-tools-for-stm32.10.3-2021.10.linux64_1.0.0.202111181127/tools/bin/../lib/gcc/arm-none-eabi/10.3.1/../../../../arm-none-eabi/lib/thumb/v7e-m+fp/hard/libc_nano.a(lib_a-lock.o)
                0x0000000008005da6                __retarget_lock_release_recursive
 *(.glue_7)
 .glue_7        0x0000000008005da8        0x0 linker stubs
 *(.glue_7t)
 .glue_7t       0x0000000008005da8        0x0 linker stubs
 *(.eh_frame)
 .eh_frame      0x0000000008005da8        0x0 /opt/st/stm32cubeide_1.7.0/plugins/com.st.stm32cube.ide.mcu.externaltools.gnu-tools-for-stm32.10.3-2021.10.linux64_1.0.0.202111181127/tools/bin/../lib/gcc/arm-none-eabi/10.3.1/thumb/v7e-m+fp/hard/crtbegin.o
 *(.init)
 .init          0x0000000008005da8        0x4 /opt/st/stm32cubeide_1.7.0/plugins/com.st.stm32cube.ide.mcu.externaltools.gnu-tools-for-stm32.10.3-2021.10.linux64_1.0.0.202111181127/tools/bin/../lib/gcc/arm-none-eabi/10.3.1/thumb/v7e-m+fp/hard/crti.o
                0x0000000008005da8                _init
 .init          0x0000000008005dac        0x8 /opt/st/stm32cubeide_1.7.0/plugins/com.st.stm32cube.ide.mcu.externaltools.gnu-tools-for-stm32.10.3-2021.10.linux64_1.0.0.202111181127/tools/bin/../lib/gcc/arm-none-eabi/10.3.1/thumb/v7e-m+fp/hard/crtn.o
 *(.fini)
 .fini          0x0000000008005db4        0x4 /opt/st/stm32cubeide_1.7.0/plugins/com.st.stm32cube.ide.mcu.externaltools.gnu-tools-for-stm32.10.3-2021.10.linux64_1.0.0.202111181127/tools/bin/../lib/gcc/arm-none-eabi/10.3.1/thumb/v7e-m+fp/hard/crti.o
                0x0000000008005db4                _fini
 .fini          0x0000000008005db8        0x8 /opt/st/stm32cubeide_1.7.0/plugins/com.st.stm32cube.ide.mcu.externaltools.gnu-tools-for-stm32.10.3-2021.10.linux64_1.0.0.202111181127/tools/bin/../lib/gcc/arm-none-eabi/10.3.1/thumb/v7e-m+fp/hard/crtn.o
                0x0000000008005dc0                . = ALIGN (0x4)
                0x0000000008005dc0                _etext = .

.vfp11_veneer   0x0000000008005dc0        0x0
 .vfp11_veneer  0x0000000008005dc0        0x0 linker stubs

.v4_bx          0x0000000008005dc0        0x0
 .v4_bx         0x0000000008005dc0        0x0 linker stubs

.iplt           0x0000000008005dc0        0x0
 .iplt          0x0000000008005dc0        0x0 /opt/st/stm32cubeide_1.7.0/plugins/com.st.stm32cube.ide.mcu.externaltools.gnu-tools-for-stm32.10.3-2021.10.linux64_1.0.0.202111181127/tools/bin/../lib/gcc/arm-none-eabi/10.3.1/thumb/v7e-m+fp/hard/crtbegin.o

.rodata         0x0000000008005dc0       0xbc
                0x0000000008005dc0                . = ALIGN (0x4)
 *(.rodata)
 .rodata        0x0000000008005dc0       0x6e ./Core/Src/main.o
 *(.rodata*)
 *fill*         0x0000000008005e2e        0x2 
 .rodata.AHBPrescTable
                0x0000000008005e30       0x10 ./Core/Src/system_stm32f4xx.o
                0x0000000008005e30                AHBPrescTable
 .rodata.APBPrescTable
                0x0000000008005e40        0x8 ./Core/Src/system_stm32f4xx.o
                0x0000000008005e40                APBPrescTable
 .rodata._svfprintf_r.str1.1
                0x0000000008005e48       0x11 /opt/st/stm32cubeide_1.7.0/plugins/com.st.stm32cube.ide.mcu.externaltools.gnu-tools-for-stm32.10.3-2021.10.linux64_1.0.0.202111181127/tools/bin/../lib/gcc/arm-none-eabi/10.3.1/../../../../arm-none-eabi/lib/thumb/v7e-m+fp/hard/libc_nano.a(lib_a-nano-svfprintf.o)
 .rodata._printf_i.str1.1
                0x0000000008005e59       0x22 /opt/st/stm32cubeide_1.7.0/plugins/com.st.stm32cube.ide.mcu.externaltools.gnu-tools-for-stm32.10.3-2021.10.linux64_1.0.0.202111181127/tools/bin/../lib/gcc/arm-none-eabi/10.3.1/../../../../arm-none-eabi/lib/thumb/v7e-m+fp/hard/libc_nano.a(lib_a-nano-vfprintf_i.o)
                0x0000000008005e7c                . = ALIGN (0x4)
 *fill*         0x0000000008005e7b        0x1 

.ARM.extab      0x0000000008005e7c        0x0
                0x0000000008005e7c                . = ALIGN (0x4)
 *(.ARM.extab* .gnu.linkonce.armextab.*)
                0x0000000008005e7c                . = ALIGN (0x4)

.ARM            0x0000000008005e7c        0x8
                0x0000000008005e7c                . = ALIGN (0x4)
                0x0000000008005e7c                __exidx_start = .
 *(.ARM.exidx*)
 .ARM.exidx     0x0000000008005e7c        0x8 /opt/st/stm32cubeide_1.7.0/plugins/com.st.stm32cube.ide.mcu.externaltools.gnu-tools-for-stm32.10.3-2021.10.linux64_1.0.0.202111181127/tools/bin/../lib/gcc/arm-none-eabi/10.3.1/thumb/v7e-m+fp/hard/libgcc.a(_udivmoddi4.o)
                0x0000000008005e84                __exidx_end = .
                0x0000000008005e84                . = ALIGN (0x4)

.rel.dyn        0x0000000008005e84        0x0
 .rel.iplt      0x0000000008005e84        0x0 /opt/st/stm32cubeide_1.7.0/plugins/com.st.stm32cube.ide.mcu.externaltools.gnu-tools-for-stm32.10.3-2021.10.linux64_1.0.0.202111181127/tools/bin/../lib/gcc/arm-none-eabi/10.3.1/thumb/v7e-m+fp/hard/crtbegin.o

.preinit_array  0x0000000008005e84        0x0
                0x0000000008005e84                . = ALIGN (0x4)
                0x0000000008005e84                PROVIDE (__preinit_array_start = .)
 *(.preinit_array*)
                0x0000000008005e84                PROVIDE (__preinit_array_end = .)
                0x0000000008005e84                . = ALIGN (0x4)

.init_array     0x0000000008005e84        0x4
                0x0000000008005e84                . = ALIGN (0x4)
                0x0000000008005e84                PROVIDE (__init_array_start = .)
 *(SORT_BY_NAME(.init_array.*))
 *(.init_array*)
 .init_array    0x0000000008005e84        0x4 /opt/st/stm32cubeide_1.7.0/plugins/com.st.stm32cube.ide.mcu.externaltools.gnu-tools-for-stm32.10.3-2021.10.linux64_1.0.0.202111181127/tools/bin/../lib/gcc/arm-none-eabi/10.3.1/thumb/v7e-m+fp/hard/crtbegin.o
                0x0000000008005e88                PROVIDE (__init_array_end = .)
                0x0000000008005e88                . = ALIGN (0x4)

.fini_array     0x0000000008005e88        0x4
                0x0000000008005e88                . = ALIGN (0x4)
                [!provide]                        PROVIDE (__fini_array_start = .)
 *(SORT_BY_NAME(.fini_array.*))
 *(.fini_array*)
 .fini_array    0x0000000008005e88        0x4 /opt/st/stm32cubeide_1.7.0/plugins/com.st.stm32cube.ide.mcu.externaltools.gnu-tools-for-stm32.10.3-2021.10.linux64_1.0.0.202111181127/tools/bin/../lib/gcc/arm-none-eabi/10.3.1/thumb/v7e-m+fp/hard/crtbegin.o
                [!provide]                        PROVIDE (__fini_array_end = .)
                0x0000000008005e8c                . = ALIGN (0x4)
                0x0000000008005e8c                _sidata = LOADADDR (.data)

.data           0x0000000020000000       0x70 load address 0x0000000008005e8c
                0x0000000020000000                . = ALIGN (0x4)
                0x0000000020000000                _sdata = .
 *(.data)
 *(.data*)
 .data.SystemCoreClock
                0x0000000020000000        0x4 ./Core/Src/system_stm32f4xx.o
                0x0000000020000000                SystemCoreClock
 .data.uwTickPrio
                0x0000000020000004        0x4 ./Drivers/STM32F4xx_HAL_Driver/Src/stm32f4xx_hal.o
                0x0000000020000004                uwTickPrio
 .data.uwTickFreq
                0x0000000020000008        0x1 ./Drivers/STM32F4xx_HAL_Driver/Src/stm32f4xx_hal.o
                0x0000000020000008                uwTickFreq
 *fill*         0x0000000020000009        0x3 
 .data._impure_ptr
                0x000000002000000c        0x4 /opt/st/stm32cubeide_1.7.0/plugins/com.st.stm32cube.ide.mcu.externaltools.gnu-tools-for-stm32.10.3-2021.10.linux64_1.0.0.202111181127/tools/bin/../lib/gcc/arm-none-eabi/10.3.1/../../../../arm-none-eabi/lib/thumb/v7e-m+fp/hard/libc_nano.a(lib_a-impure.o)
                0x000000002000000c                _impure_ptr
 .data.impure_data
                0x0000000020000010       0x60 /opt/st/stm32cubeide_1.7.0/plugins/com.st.stm32cube.ide.mcu.externaltools.gnu-tools-for-stm32.10.3-2021.10.linux64_1.0.0.202111181127/tools/bin/../lib/gcc/arm-none-eabi/10.3.1/../../../../arm-none-eabi/lib/thumb/v7e-m+fp/hard/libc_nano.a(lib_a-impure.o)
 *(.RamFunc)
 *(.RamFunc*)
                0x0000000020000070                . = ALIGN (0x4)
                0x0000000020000070                _edata = .
                0x0000000008005efc                _siccmram = LOADADDR (.ccmram)

.igot.plt       0x0000000020000070        0x0 load address 0x0000000008005efc
 .igot.plt      0x0000000020000070        0x0 /opt/st/stm32cubeide_1.7.0/plugins/com.st.stm32cube.ide.mcu.externaltools.gnu-tools-for-stm32.10.3-2021.10.linux64_1.0.0.202111181127/tools/bin/../lib/gcc/arm-none-eabi/10.3.1/thumb/v7e-m+fp/hard/crtbegin.o

.ccmram         0x0000000010000000        0x0 load address 0x0000000008005efc
                0x0000000010000000                . = ALIGN (0x4)
                0x0000000010000000                _sccmram = .
 *(.ccmram)
 *(.ccmram*)
                0x0000000010000000                . = ALIGN (0x4)
                0x0000000010000000                _eccmram = .
                0x0000000010000000                . = ALIGN (0x4)

.bss            0x0000000020000070      0x854
                0x0000000020000070                _sbss = .
                0x0000000020000070                __bss_start__ = _sbss
 *(.bss)
 .bss           0x0000000020000070       0x1c /opt/st/stm32cubeide_1.7.0/plugins/com.st.stm32cube.ide.mcu.externaltools.gnu-tools-for-stm32.10.3-2021.10.linux64_1.0.0.202111181127/tools/bin/../lib/gcc/arm-none-eabi/10.3.1/thumb/v7e-m+fp/hard/crtbegin.o
 *(.bss*)
 .bss.tmp102DriverControl
                0x000000002000008c        0x1 ./Core/Src/Driver_TMP102.o
                0x000000002000008c                tmp102DriverControl
 *fill*         0x000000002000008d        0x3 
 .bss.i2cHandler
                0x0000000020000090       0x54 ./Core/Src/Driver_TMP102_Port.o
                0x0000000020000090                i2cHandler
 .bss.TxConfig  0x00000000200000e4       0x38 ./Core/Src/main.o
                0x00000000200000e4                TxConfig
 .bss.DMARxDscrTab
                0x000000002000011c       0xa0 ./Core/Src/main.o
                0x000000002000011c                DMARxDscrTab
 .bss.DMATxDscrTab
                0x00000000200001bc       0xa0 ./Core/Src/main.o
                0x00000000200001bc                DMATxDscrTab
 .bss.hadc1     0x000000002000025c       0x48 ./Core/Src/main.o
                0x000000002000025c                hadc1
 .bss.heth      0x00000000200002a4       0xb0 ./Core/Src/main.o
                0x00000000200002a4                heth
 .bss.huart3    0x0000000020000354       0x44 ./Core/Src/main.o
                0x0000000020000354                huart3
 .bss.hpcd_USB_OTG_FS
                0x0000000020000398      0x50c ./Core/Src/main.o
                0x0000000020000398                hpcd_USB_OTG_FS
 .bss.MACAddr.0
                0x00000000200008a4        0x6 ./Core/Src/main.o
 *fill*         0x00000000200008aa        0x2 
 .bss.__sbrk_heap_end
                0x00000000200008ac        0x4 ./Core/Src/sysmem.o
 .bss.uwTick    0x00000000200008b0        0x4 ./Drivers/STM32F4xx_HAL_Driver/Src/stm32f4xx_hal.o
                0x00000000200008b0                uwTick
 .bss.__malloc_free_list
                0x00000000200008b4        0x4 /opt/st/stm32cubeide_1.7.0/plugins/com.st.stm32cube.ide.mcu.externaltools.gnu-tools-for-stm32.10.3-2021.10.linux64_1.0.0.202111181127/tools/bin/../lib/gcc/arm-none-eabi/10.3.1/../../../../arm-none-eabi/lib/thumb/v7e-m+fp/hard/libc_nano.a(lib_a-nano-mallocr.o)
                0x00000000200008b4                __malloc_free_list
 .bss.__malloc_sbrk_start
                0x00000000200008b8        0x4 /opt/st/stm32cubeide_1.7.0/plugins/com.st.stm32cube.ide.mcu.externaltools.gnu-tools-for-stm32.10.3-2021.10.linux64_1.0.0.202111181127/tools/bin/../lib/gcc/arm-none-eabi/10.3.1/../../../../arm-none-eabi/lib/thumb/v7e-m+fp/hard/libc_nano.a(lib_a-nano-mallocr.o)
                0x00000000200008b8                __malloc_sbrk_start
 .bss.errno     0x00000000200008bc        0x4 /opt/st/stm32cubeide_1.7.0/plugins/com.st.stm32cube.ide.mcu.externaltools.gnu-tools-for-stm32.10.3-2021.10.linux64_1.0.0.202111181127/tools/bin/../lib/gcc/arm-none-eabi/10.3.1/../../../../arm-none-eabi/lib/thumb/v7e-m+fp/hard/libc_nano.a(lib_a-reent.o)
                0x00000000200008bc                errno
 .bss.__lock___malloc_recursive_mutex
                0x00000000200008c0        0x1 /opt/st/stm32cubeide_1.7.0/plugins/com.st.stm32cube.ide.mcu.externaltools.gnu-tools-for-stm32.10.3-2021.10.linux64_1.0.0.202111181127/tools/bin/../lib/gcc/arm-none-eabi/10.3.1/../../../../arm-none-eabi/lib/thumb/v7e-m+fp/hard/libc_nano.a(lib_a-lock.o)
                0x00000000200008c0                __lock___malloc_recursive_mutex
 *(COMMON)
                0x00000000200008c4                . = ALIGN (0x4)
 *fill*         0x00000000200008c1        0x3 
                0x00000000200008c4                _ebss = .
                0x00000000200008c4                __bss_end__ = _ebss

._user_heap_stack
                0x00000000200008c4      0x604
                0x00000000200008c8                . = ALIGN (0x8)
 *fill*         0x00000000200008c4        0x4 
                [!provide]                        PROVIDE (end = .)
                0x00000000200008c8                PROVIDE (_end = .)
                0x0000000020000ac8                . = (. + _Min_Heap_Size)
 *fill*         0x00000000200008c8      0x200 
                0x0000000020000ec8                . = (. + _Min_Stack_Size)
 *fill*         0x0000000020000ac8      0x400 
                0x0000000020000ec8                . = ALIGN (0x8)

/DISCARD/
 libc.a(*)
 libm.a(*)
 libgcc.a(*)

.ARM.attributes
                0x0000000000000000       0x30
 *(.ARM.attributes)
 .ARM.attributes
                0x0000000000000000       0x1e /opt/st/stm32cubeide_1.7.0/plugins/com.st.stm32cube.ide.mcu.externaltools.gnu-tools-for-stm32.10.3-2021.10.linux64_1.0.0.202111181127/tools/bin/../lib/gcc/arm-none-eabi/10.3.1/thumb/v7e-m+fp/hard/crti.o
 .ARM.attributes
                0x000000000000001e       0x34 /opt/st/stm32cubeide_1.7.0/plugins/com.st.stm32cube.ide.mcu.externaltools.gnu-tools-for-stm32.10.3-2021.10.linux64_1.0.0.202111181127/tools/bin/../lib/gcc/arm-none-eabi/10.3.1/thumb/v7e-m+fp/hard/crtbegin.o
 .ARM.attributes
                0x0000000000000052       0x34 ./Core/Src/Driver_TMP102.o
 .ARM.attributes
                0x0000000000000086       0x34 ./Core/Src/Driver_TMP102_Port.o
 .ARM.attributes
                0x00000000000000ba       0x34 ./Core/Src/main.o
 .ARM.attributes
                0x00000000000000ee       0x34 ./Core/Src/stm32f4xx_hal_msp.o
 .ARM.attributes
                0x0000000000000122       0x34 ./Core/Src/stm32f4xx_it.o
 .ARM.attributes
                0x0000000000000156       0x34 ./Core/Src/sysmem.o
 .ARM.attributes
                0x000000000000018a       0x34 ./Core/Src/system_stm32f4xx.o
 .ARM.attributes
                0x00000000000001be       0x21 ./Core/Startup/startup_stm32f429zitx.o
 .ARM.attributes
                0x00000000000001df       0x34 ./Drivers/STM32F4xx_HAL_Driver/Src/stm32f4xx_hal.o
 .ARM.attributes
                0x0000000000000213       0x34 ./Drivers/STM32F4xx_HAL_Driver/Src/stm32f4xx_hal_adc.o
 .ARM.attributes
                0x0000000000000247       0x34 ./Drivers/STM32F4xx_HAL_Driver/Src/stm32f4xx_hal_cortex.o
 .ARM.attributes
                0x000000000000027b       0x34 ./Drivers/STM32F4xx_HAL_Driver/Src/stm32f4xx_hal_eth.o
 .ARM.attributes
                0x00000000000002af       0x34 ./Drivers/STM32F4xx_HAL_Driver/Src/stm32f4xx_hal_gpio.o
 .ARM.attributes
                0x00000000000002e3       0x34 ./Drivers/STM32F4xx_HAL_Driver/Src/stm32f4xx_hal_i2c.o
 .ARM.attributes
                0x0000000000000317       0x34 ./Drivers/STM32F4xx_HAL_Driver/Src/stm32f4xx_hal_pcd.o
 .ARM.attributes
                0x000000000000034b       0x34 ./Drivers/STM32F4xx_HAL_Driver/Src/stm32f4xx_hal_rcc.o
 .ARM.attributes
                0x000000000000037f       0x34 ./Drivers/STM32F4xx_HAL_Driver/Src/stm32f4xx_hal_uart.o
 .ARM.attributes
                0x00000000000003b3       0x34 ./Drivers/STM32F4xx_HAL_Driver/Src/stm32f4xx_ll_usb.o
 .ARM.attributes
                0x00000000000003e7       0x34 /opt/st/stm32cubeide_1.7.0/plugins/com.st.stm32cube.ide.mcu.externaltools.gnu-tools-for-stm32.10.3-2021.10.linux64_1.0.0.202111181127/tools/bin/../lib/gcc/arm-none-eabi/10.3.1/../../../../arm-none-eabi/lib/thumb/v7e-m+fp/hard/libc_nano.a(lib_a-errno.o)
 .ARM.attributes
                0x000000000000041b       0x34 /opt/st/stm32cubeide_1.7.0/plugins/com.st.stm32cube.ide.mcu.externaltools.gnu-tools-for-stm32.10.3-2021.10.linux64_1.0.0.202111181127/tools/bin/../lib/gcc/arm-none-eabi/10.3.1/../../../../arm-none-eabi/lib/thumb/v7e-m+fp/hard/libc_nano.a(lib_a-impure.o)
 .ARM.attributes
                0x000000000000044f       0x34 /opt/st/stm32cubeide_1.7.0/plugins/com.st.stm32cube.ide.mcu.externaltools.gnu-tools-for-stm32.10.3-2021.10.linux64_1.0.0.202111181127/tools/bin/../lib/gcc/arm-none-eabi/10.3.1/../../../../arm-none-eabi/lib/thumb/v7e-m+fp/hard/libc_nano.a(lib_a-init.o)
 .ARM.attributes
                0x0000000000000483       0x34 /opt/st/stm32cubeide_1.7.0/plugins/com.st.stm32cube.ide.mcu.externaltools.gnu-tools-for-stm32.10.3-2021.10.linux64_1.0.0.202111181127/tools/bin/../lib/gcc/arm-none-eabi/10.3.1/../../../../arm-none-eabi/lib/thumb/v7e-m+fp/hard/libc_nano.a(lib_a-memset.o)
 .ARM.attributes
                0x00000000000004b7       0x34 /opt/st/stm32cubeide_1.7.0/plugins/com.st.stm32cube.ide.mcu.externaltools.gnu-tools-for-stm32.10.3-2021.10.linux64_1.0.0.202111181127/tools/bin/../lib/gcc/arm-none-eabi/10.3.1/../../../../arm-none-eabi/lib/thumb/v7e-m+fp/hard/libc_nano.a(lib_a-sprintf.o)
 .ARM.attributes
                0x00000000000004eb       0x17 /opt/st/stm32cubeide_1.7.0/plugins/com.st.stm32cube.ide.mcu.externaltools.gnu-tools-for-stm32.10.3-2021.10.linux64_1.0.0.202111181127/tools/bin/../lib/gcc/arm-none-eabi/10.3.1/../../../../arm-none-eabi/lib/thumb/v7e-m+fp/hard/libc_nano.a(lib_a-strlen.o)
 .ARM.attributes
                0x0000000000000502       0x34 /opt/st/stm32cubeide_1.7.0/plugins/com.st.stm32cube.ide.mcu.externaltools.gnu-tools-for-stm32.10.3-2021.10.linux64_1.0.0.202111181127/tools/bin/../lib/gcc/arm-none-eabi/10.3.1/../../../../arm-none-eabi/lib/thumb/v7e-m+fp/hard/libc_nano.a(lib_a-nano-svfprintf.o)
 .ARM.attributes
                0x0000000000000536       0x34 /opt/st/stm32cubeide_1.7.0/plugins/com.st.stm32cube.ide.mcu.externaltools.gnu-tools-for-stm32.10.3-2021.10.linux64_1.0.0.202111181127/tools/bin/../lib/gcc/arm-none-eabi/10.3.1/../../../../arm-none-eabi/lib/thumb/v7e-m+fp/hard/libc_nano.a(lib_a-nano-vfprintf_i.o)
 .ARM.attributes
                0x000000000000056a       0x1c /opt/st/stm32cubeide_1.7.0/plugins/com.st.stm32cube.ide.mcu.externaltools.gnu-tools-for-stm32.10.3-2021.10.linux64_1.0.0.202111181127/tools/bin/../lib/gcc/arm-none-eabi/10.3.1/../../../../arm-none-eabi/lib/thumb/v7e-m+fp/hard/libc_nano.a(lib_a-memchr.o)
 .ARM.attributes
                0x0000000000000586       0x34 /opt/st/stm32cubeide_1.7.0/plugins/com.st.stm32cube.ide.mcu.externaltools.gnu-tools-for-stm32.10.3-2021.10.linux64_1.0.0.202111181127/tools/bin/../lib/gcc/arm-none-eabi/10.3.1/../../../../arm-none-eabi/lib/thumb/v7e-m+fp/hard/libc_nano.a(lib_a-memcpy-stub.o)
 .ARM.attributes
                0x00000000000005ba       0x34 /opt/st/stm32cubeide_1.7.0/plugins/com.st.stm32cube.ide.mcu.externaltools.gnu-tools-for-stm32.10.3-2021.10.linux64_1.0.0.202111181127/tools/bin/../lib/gcc/arm-none-eabi/10.3.1/../../../../arm-none-eabi/lib/thumb/v7e-m+fp/hard/libc_nano.a(lib_a-memmove.o)
 .ARM.attributes
                0x00000000000005ee       0x34 /opt/st/stm32cubeide_1.7.0/plugins/com.st.stm32cube.ide.mcu.externaltools.gnu-tools-for-stm32.10.3-2021.10.linux64_1.0.0.202111181127/tools/bin/../lib/gcc/arm-none-eabi/10.3.1/../../../../arm-none-eabi/lib/thumb/v7e-m+fp/hard/libc_nano.a(lib_a-nano-freer.o)
 .ARM.attributes
                0x0000000000000622       0x34 /opt/st/stm32cubeide_1.7.0/plugins/com.st.stm32cube.ide.mcu.externaltools.gnu-tools-for-stm32.10.3-2021.10.linux64_1.0.0.202111181127/tools/bin/../lib/gcc/arm-none-eabi/10.3.1/../../../../arm-none-eabi/lib/thumb/v7e-m+fp/hard/libc_nano.a(lib_a-nano-mallocr.o)
 .ARM.attributes
                0x0000000000000656       0x34 /opt/st/stm32cubeide_1.7.0/plugins/com.st.stm32cube.ide.mcu.externaltools.gnu-tools-for-stm32.10.3-2021.10.linux64_1.0.0.202111181127/tools/bin/../lib/gcc/arm-none-eabi/10.3.1/../../../../arm-none-eabi/lib/thumb/v7e-m+fp/hard/libc_nano.a(lib_a-nano-reallocr.o)
 .ARM.attributes
                0x000000000000068a       0x34 /opt/st/stm32cubeide_1.7.0/plugins/com.st.stm32cube.ide.mcu.externaltools.gnu-tools-for-stm32.10.3-2021.10.linux64_1.0.0.202111181127/tools/bin/../lib/gcc/arm-none-eabi/10.3.1/../../../../arm-none-eabi/lib/thumb/v7e-m+fp/hard/libc_nano.a(lib_a-sbrkr.o)
 .ARM.attributes
                0x00000000000006be       0x34 /opt/st/stm32cubeide_1.7.0/plugins/com.st.stm32cube.ide.mcu.externaltools.gnu-tools-for-stm32.10.3-2021.10.linux64_1.0.0.202111181127/tools/bin/../lib/gcc/arm-none-eabi/10.3.1/../../../../arm-none-eabi/lib/thumb/v7e-m+fp/hard/libc_nano.a(lib_a-mlock.o)
 .ARM.attributes
                0x00000000000006f2       0x34 /opt/st/stm32cubeide_1.7.0/plugins/com.st.stm32cube.ide.mcu.externaltools.gnu-tools-for-stm32.10.3-2021.10.linux64_1.0.0.202111181127/tools/bin/../lib/gcc/arm-none-eabi/10.3.1/../../../../arm-none-eabi/lib/thumb/v7e-m+fp/hard/libc_nano.a(lib_a-nano-msizer.o)
 .ARM.attributes
                0x0000000000000726       0x34 /opt/st/stm32cubeide_1.7.0/plugins/com.st.stm32cube.ide.mcu.externaltools.gnu-tools-for-stm32.10.3-2021.10.linux64_1.0.0.202111181127/tools/bin/../lib/gcc/arm-none-eabi/10.3.1/../../../../arm-none-eabi/lib/thumb/v7e-m+fp/hard/libc_nano.a(lib_a-reent.o)
 .ARM.attributes
                0x000000000000075a       0x34 /opt/st/stm32cubeide_1.7.0/plugins/com.st.stm32cube.ide.mcu.externaltools.gnu-tools-for-stm32.10.3-2021.10.linux64_1.0.0.202111181127/tools/bin/../lib/gcc/arm-none-eabi/10.3.1/../../../../arm-none-eabi/lib/thumb/v7e-m+fp/hard/libc_nano.a(lib_a-lock.o)
 .ARM.attributes
                0x000000000000078e       0x1e /opt/st/stm32cubeide_1.7.0/plugins/com.st.stm32cube.ide.mcu.externaltools.gnu-tools-for-stm32.10.3-2021.10.linux64_1.0.0.202111181127/tools/bin/../lib/gcc/arm-none-eabi/10.3.1/thumb/v7e-m+fp/hard/libgcc.a(_arm_muldf3.o)
 .ARM.attributes
                0x00000000000007ac       0x1e /opt/st/stm32cubeide_1.7.0/plugins/com.st.stm32cube.ide.mcu.externaltools.gnu-tools-for-stm32.10.3-2021.10.linux64_1.0.0.202111181127/tools/bin/../lib/gcc/arm-none-eabi/10.3.1/thumb/v7e-m+fp/hard/libgcc.a(_arm_addsubdf3.o)
 .ARM.attributes
                0x00000000000007ca       0x1e /opt/st/stm32cubeide_1.7.0/plugins/com.st.stm32cube.ide.mcu.externaltools.gnu-tools-for-stm32.10.3-2021.10.linux64_1.0.0.202111181127/tools/bin/../lib/gcc/arm-none-eabi/10.3.1/thumb/v7e-m+fp/hard/libgcc.a(_arm_truncdfsf2.o)
 .ARM.attributes
                0x00000000000007e8       0x1e /opt/st/stm32cubeide_1.7.0/plugins/com.st.stm32cube.ide.mcu.externaltools.gnu-tools-for-stm32.10.3-2021.10.linux64_1.0.0.202111181127/tools/bin/../lib/gcc/arm-none-eabi/10.3.1/thumb/v7e-m+fp/hard/libgcc.a(_aeabi_uldivmod.o)
 .ARM.attributes
                0x0000000000000806       0x34 /opt/st/stm32cubeide_1.7.0/plugins/com.st.stm32cube.ide.mcu.externaltools.gnu-tools-for-stm32.10.3-2021.10.linux64_1.0.0.202111181127/tools/bin/../lib/gcc/arm-none-eabi/10.3.1/thumb/v7e-m+fp/hard/libgcc.a(_udivmoddi4.o)
 .ARM.attributes
                0x000000000000083a       0x1e /opt/st/stm32cubeide_1.7.0/plugins/com.st.stm32cube.ide.mcu.externaltools.gnu-tools-for-stm32.10.3-2021.10.linux64_1.0.0.202111181127/tools/bin/../lib/gcc/arm-none-eabi/10.3.1/thumb/v7e-m+fp/hard/libgcc.a(_dvmd_tls.o)
 .ARM.attributes
                0x0000000000000858       0x1e /opt/st/stm32cubeide_1.7.0/plugins/com.st.stm32cube.ide.mcu.externaltools.gnu-tools-for-stm32.10.3-2021.10.linux64_1.0.0.202111181127/tools/bin/../lib/gcc/arm-none-eabi/10.3.1/thumb/v7e-m+fp/hard/crtn.o
OUTPUT(TMP102_Driver_STM_I2C_Example.elf elf32-littlearm)
LOAD linker stubs
LOAD /opt/st/stm32cubeide_1.7.0/plugins/com.st.stm32cube.ide.mcu.externaltools.gnu-tools-for-stm32.10.3-2021.10.linux64_1.0.0.202111181127/tools/bin/../lib/gcc/arm-none-eabi/10.3.1/../../../../arm-none-eabi/lib/thumb/v7e-m+fp/hard/libc.a
LOAD /opt/st/stm32cubeide_1.7.0/plugins/com.st.stm32cube.ide.mcu.externaltools.gnu-tools-for-stm32.10.3-2021.10.linux64_1.0.0.202111181127/tools/bin/../lib/gcc/arm-none-eabi/10.3.1/../../../../arm-none-eabi/lib/thumb/v7e-m+fp/hard/libm.a
LOAD /opt/st/stm32cubeide_1.7.0/plugins/com.st.stm32cube.ide.mcu.externaltools.gnu-tools-for-stm32.10.3-2021.10.linux64_1.0.0.202111181127/tools/bin/../lib/gcc/arm-none-eabi/10.3.1/thumb/v7e-m+fp/hard/libgcc.a

.debug_info     0x0000000000000000    0x13643
 .debug_info    0x0000000000000000      0x406 ./Core/Src/Driver_TMP102.o
 .debug_info    0x0000000000000406      0x902 ./Core/Src/Driver_TMP102_Port.o
 .debug_info    0x0000000000000d08     0x212d ./Core/Src/main.o
 .debug_info    0x0000000000002e35     0x1e96 ./Core/Src/stm32f4xx_hal_msp.o
 .debug_info    0x0000000000004ccb      0x121 ./Core/Src/stm32f4xx_it.o
 .debug_info    0x0000000000004dec      0x171 ./Core/Src/sysmem.o
 .debug_info    0x0000000000004f5d      0x53f ./Core/Src/system_stm32f4xx.o
 .debug_info    0x000000000000549c       0x22 ./Core/Startup/startup_stm32f429zitx.o
 .debug_info    0x00000000000054be      0x9f4 ./Drivers/STM32F4xx_HAL_Driver/Src/stm32f4xx_hal.o
 .debug_info    0x0000000000005eb2      0xd70 ./Drivers/STM32F4xx_HAL_Driver/Src/stm32f4xx_hal_adc.o
 .debug_info    0x0000000000006c22      0xe51 ./Drivers/STM32F4xx_HAL_Driver/Src/stm32f4xx_hal_cortex.o
 .debug_info    0x0000000000007a73     0x21c9 ./Drivers/STM32F4xx_HAL_Driver/Src/stm32f4xx_hal_eth.o
 .debug_info    0x0000000000009c3c      0x786 ./Drivers/STM32F4xx_HAL_Driver/Src/stm32f4xx_hal_gpio.o
 .debug_info    0x000000000000a3c2     0x2617 ./Drivers/STM32F4xx_HAL_Driver/Src/stm32f4xx_hal_i2c.o
 .debug_info    0x000000000000c9d9     0x1695 ./Drivers/STM32F4xx_HAL_Driver/Src/stm32f4xx_hal_pcd.o
 .debug_info    0x000000000000e06e      0x982 ./Drivers/STM32F4xx_HAL_Driver/Src/stm32f4xx_hal_rcc.o
 .debug_info    0x000000000000e9f0     0x31bc ./Drivers/STM32F4xx_HAL_Driver/Src/stm32f4xx_hal_uart.o
 .debug_info    0x0000000000011bac     0x1a97 ./Drivers/STM32F4xx_HAL_Driver/Src/stm32f4xx_ll_usb.o

.debug_abbrev   0x0000000000000000     0x2463
 .debug_abbrev  0x0000000000000000      0x176 ./Core/Src/Driver_TMP102.o
 .debug_abbrev  0x0000000000000176      0x1b0 ./Core/Src/Driver_TMP102_Port.o
 .debug_abbrev  0x0000000000000326      0x324 ./Core/Src/main.o
 .debug_abbrev  0x000000000000064a      0x23e ./Core/Src/stm32f4xx_hal_msp.o
 .debug_abbrev  0x0000000000000888       0x74 ./Core/Src/stm32f4xx_it.o
 .debug_abbrev  0x00000000000008fc       0xbb ./Core/Src/sysmem.o
 .debug_abbrev  0x00000000000009b7      0x116 ./Core/Src/system_stm32f4xx.o
 .debug_abbrev  0x0000000000000acd       0x12 ./Core/Startup/startup_stm32f429zitx.o
 .debug_abbrev  0x0000000000000adf      0x20d ./Drivers/STM32F4xx_HAL_Driver/Src/stm32f4xx_hal.o
 .debug_abbrev  0x0000000000000cec      0x244 ./Drivers/STM32F4xx_HAL_Driver/Src/stm32f4xx_hal_adc.o
 .debug_abbrev  0x0000000000000f30      0x316 ./Drivers/STM32F4xx_HAL_Driver/Src/stm32f4xx_hal_cortex.o
 .debug_abbrev  0x0000000000001246      0x2d3 ./Drivers/STM32F4xx_HAL_Driver/Src/stm32f4xx_hal_eth.o
 .debug_abbrev  0x0000000000001519      0x1c4 ./Drivers/STM32F4xx_HAL_Driver/Src/stm32f4xx_hal_gpio.o
 .debug_abbrev  0x00000000000016dd      0x297 ./Drivers/STM32F4xx_HAL_Driver/Src/stm32f4xx_hal_i2c.o
 .debug_abbrev  0x0000000000001974      0x2bb ./Drivers/STM32F4xx_HAL_Driver/Src/stm32f4xx_hal_pcd.o
 .debug_abbrev  0x0000000000001c2f      0x2aa ./Drivers/STM32F4xx_HAL_Driver/Src/stm32f4xx_hal_rcc.o
 .debug_abbrev  0x0000000000001ed9      0x2f4 ./Drivers/STM32F4xx_HAL_Driver/Src/stm32f4xx_hal_uart.o
 .debug_abbrev  0x00000000000021cd      0x296 ./Drivers/STM32F4xx_HAL_Driver/Src/stm32f4xx_ll_usb.o

.debug_aranges  0x0000000000000000      0xf68
 .debug_aranges
                0x0000000000000000       0x48 ./Core/Src/Driver_TMP102.o
 .debug_aranges
                0x0000000000000048       0x38 ./Core/Src/Driver_TMP102_Port.o
 .debug_aranges
                0x0000000000000080       0x60 ./Core/Src/main.o
 .debug_aranges
                0x00000000000000e0       0x70 ./Core/Src/stm32f4xx_hal_msp.o
 .debug_aranges
                0x0000000000000150       0x60 ./Core/Src/stm32f4xx_it.o
 .debug_aranges
                0x00000000000001b0       0x20 ./Core/Src/sysmem.o
 .debug_aranges
                0x00000000000001d0       0x28 ./Core/Src/system_stm32f4xx.o
 .debug_aranges
                0x00000000000001f8       0x28 ./Core/Startup/startup_stm32f429zitx.o
 .debug_aranges
                0x0000000000000220      0x100 ./Drivers/STM32F4xx_HAL_Driver/Src/stm32f4xx_hal.o
 .debug_aranges
                0x0000000000000320       0xe8 ./Drivers/STM32F4xx_HAL_Driver/Src/stm32f4xx_hal_adc.o
 .debug_aranges
                0x0000000000000408      0x118 ./Drivers/STM32F4xx_HAL_Driver/Src/stm32f4xx_hal_cortex.o
 .debug_aranges
                0x0000000000000520      0x1e0 ./Drivers/STM32F4xx_HAL_Driver/Src/stm32f4xx_hal_eth.o
 .debug_aranges
                0x0000000000000700       0x58 ./Drivers/STM32F4xx_HAL_Driver/Src/stm32f4xx_hal_gpio.o
 .debug_aranges
                0x0000000000000758      0x2a0 ./Drivers/STM32F4xx_HAL_Driver/Src/stm32f4xx_hal_i2c.o
 .debug_aranges
                0x00000000000009f8      0x148 ./Drivers/STM32F4xx_HAL_Driver/Src/stm32f4xx_hal_pcd.o
 .debug_aranges
                0x0000000000000b40       0x88 ./Drivers/STM32F4xx_HAL_Driver/Src/stm32f4xx_hal_rcc.o
 .debug_aranges
                0x0000000000000bc8      0x200 ./Drivers/STM32F4xx_HAL_Driver/Src/stm32f4xx_hal_uart.o
 .debug_aranges
                0x0000000000000dc8      0x1a0 ./Drivers/STM32F4xx_HAL_Driver/Src/stm32f4xx_ll_usb.o

.debug_ranges   0x0000000000000000      0xe98
 .debug_ranges  0x0000000000000000       0x38 ./Core/Src/Driver_TMP102.o
 .debug_ranges  0x0000000000000038       0x28 ./Core/Src/Driver_TMP102_Port.o
 .debug_ranges  0x0000000000000060       0x50 ./Core/Src/main.o
 .debug_ranges  0x00000000000000b0       0x60 ./Core/Src/stm32f4xx_hal_msp.o
 .debug_ranges  0x0000000000000110       0x50 ./Core/Src/stm32f4xx_it.o
 .debug_ranges  0x0000000000000160       0x10 ./Core/Src/sysmem.o
 .debug_ranges  0x0000000000000170       0x18 ./Core/Src/system_stm32f4xx.o
 .debug_ranges  0x0000000000000188       0x20 ./Core/Startup/startup_stm32f429zitx.o
 .debug_ranges  0x00000000000001a8       0xf0 ./Drivers/STM32F4xx_HAL_Driver/Src/stm32f4xx_hal.o
 .debug_ranges  0x0000000000000298       0xd8 ./Drivers/STM32F4xx_HAL_Driver/Src/stm32f4xx_hal_adc.o
 .debug_ranges  0x0000000000000370      0x108 ./Drivers/STM32F4xx_HAL_Driver/Src/stm32f4xx_hal_cortex.o
 .debug_ranges  0x0000000000000478      0x1d0 ./Drivers/STM32F4xx_HAL_Driver/Src/stm32f4xx_hal_eth.o
 .debug_ranges  0x0000000000000648       0x48 ./Drivers/STM32F4xx_HAL_Driver/Src/stm32f4xx_hal_gpio.o
 .debug_ranges  0x0000000000000690      0x2a8 ./Drivers/STM32F4xx_HAL_Driver/Src/stm32f4xx_hal_i2c.o
 .debug_ranges  0x0000000000000938      0x138 ./Drivers/STM32F4xx_HAL_Driver/Src/stm32f4xx_hal_pcd.o
 .debug_ranges  0x0000000000000a70       0x78 ./Drivers/STM32F4xx_HAL_Driver/Src/stm32f4xx_hal_rcc.o
 .debug_ranges  0x0000000000000ae8      0x220 ./Drivers/STM32F4xx_HAL_Driver/Src/stm32f4xx_hal_uart.o
 .debug_ranges  0x0000000000000d08      0x190 ./Drivers/STM32F4xx_HAL_Driver/Src/stm32f4xx_ll_usb.o

.debug_macro    0x0000000000000000    0x2619d
 .debug_macro   0x0000000000000000       0x84 ./Core/Src/Driver_TMP102.o
 .debug_macro   0x0000000000000084      0xa78 ./Core/Src/Driver_TMP102.o
 .debug_macro   0x0000000000000afc       0x22 ./Core/Src/Driver_TMP102.o
 .debug_macro   0x0000000000000b1e       0x8e ./Core/Src/Driver_TMP102.o
 .debug_macro   0x0000000000000bac       0x51 ./Core/Src/Driver_TMP102.o
 .debug_macro   0x0000000000000bfd      0x103 ./Core/Src/Driver_TMP102.o
 .debug_macro   0x0000000000000d00       0x6a ./Core/Src/Driver_TMP102.o
 .debug_macro   0x0000000000000d6a      0x1df ./Core/Src/Driver_TMP102.o
 .debug_macro   0x0000000000000f49       0x22 ./Core/Src/Driver_TMP102.o
 .debug_macro   0x0000000000000f6b      0x24a ./Core/Src/Driver_TMP102_Port.o
 .debug_macro   0x00000000000011b5      0x2bb ./Core/Src/Driver_TMP102_Port.o
 .debug_macro   0x0000000000001470       0x2e ./Core/Src/Driver_TMP102_Port.o
 .debug_macro   0x000000000000149e       0x28 ./Core/Src/Driver_TMP102_Port.o
 .debug_macro   0x00000000000014c6       0x1c ./Core/Src/Driver_TMP102_Port.o
 .debug_macro   0x00000000000014e2       0x22 ./Core/Src/Driver_TMP102_Port.o
 .debug_macro   0x0000000000001504       0xd9 ./Core/Src/Driver_TMP102_Port.o
 .debug_macro   0x00000000000015dd     0x102d ./Core/Src/Driver_TMP102_Port.o
 .debug_macro   0x000000000000260a      0x11f ./Core/Src/Driver_TMP102_Port.o
 .debug_macro   0x0000000000002729    0x17fc0 ./Core/Src/Driver_TMP102_Port.o
 .debug_macro   0x000000000001a6e9       0x6d ./Core/Src/Driver_TMP102_Port.o
 .debug_macro   0x000000000001a756     0x36f5 ./Core/Src/Driver_TMP102_Port.o
 .debug_macro   0x000000000001de4b      0x174 ./Core/Src/Driver_TMP102_Port.o
 .debug_macro   0x000000000001dfbf       0x5c ./Core/Src/Driver_TMP102_Port.o
 .debug_macro   0x000000000001e01b      0xca5 ./Core/Src/Driver_TMP102_Port.o
 .debug_macro   0x000000000001ecc0      0x9fe ./Core/Src/Driver_TMP102_Port.o
 .debug_macro   0x000000000001f6be      0x115 ./Core/Src/Driver_TMP102_Port.o
 .debug_macro   0x000000000001f7d3      0x156 ./Core/Src/Driver_TMP102_Port.o
 .debug_macro   0x000000000001f929       0xa5 ./Core/Src/Driver_TMP102_Port.o
 .debug_macro   0x000000000001f9ce      0x182 ./Core/Src/Driver_TMP102_Port.o
 .debug_macro   0x000000000001fb50      0x287 ./Core/Src/Driver_TMP102_Port.o
 .debug_macro   0x000000000001fdd7       0x5f ./Core/Src/Driver_TMP102_Port.o
 .debug_macro   0x000000000001fe36      0x236 ./Core/Src/Driver_TMP102_Port.o
 .debug_macro   0x000000000002006c      0xb54 ./Core/Src/Driver_TMP102_Port.o
 .debug_macro   0x0000000000020bc0      0x38b ./Core/Src/Driver_TMP102_Port.o
 .debug_macro   0x0000000000020f4b      0x184 ./Core/Src/Driver_TMP102_Port.o
 .debug_macro   0x00000000000210cf       0xf9 ./Core/Src/Driver_TMP102_Port.o
 .debug_macro   0x00000000000211c8      0xd44 ./Core/Src/Driver_TMP102_Port.o
 .debug_macro   0x0000000000021f0c      0x132 ./Core/Src/Driver_TMP102_Port.o
 .debug_macro   0x000000000002203e      0x41d ./Core/Src/Driver_TMP102_Port.o
 .debug_macro   0x000000000002245b       0x2e ./Core/Src/Driver_TMP102_Port.o
 .debug_macro   0x0000000000022489      0x1b5 ./Core/Src/Driver_TMP102_Port.o
 .debug_macro   0x000000000002263e       0x22 ./Core/Src/Driver_TMP102_Port.o
 .debug_macro   0x0000000000022660       0xd6 ./Core/Src/Driver_TMP102_Port.o
 .debug_macro   0x0000000000022736      0x11a ./Core/Src/Driver_TMP102_Port.o
 .debug_macro   0x0000000000022850       0xe2 ./Core/Src/Driver_TMP102_Port.o
 .debug_macro   0x0000000000022932       0x89 ./Core/Src/Driver_TMP102_Port.o
 .debug_macro   0x00000000000229bb      0x295 ./Core/Src/Driver_TMP102_Port.o
 .debug_macro   0x0000000000022c50      0x248 ./Core/Src/Driver_TMP102_Port.o
 .debug_macro   0x0000000000022e98       0xba ./Core/Src/Driver_TMP102_Port.o
 .debug_macro   0x0000000000022f52      0x134 ./Core/Src/Driver_TMP102_Port.o
 .debug_macro   0x0000000000023086      0x3da ./Core/Src/main.o
 .debug_macro   0x0000000000023460      0x124 ./Core/Src/main.o
 .debug_macro   0x0000000000023584       0x52 ./Core/Src/main.o
 .debug_macro   0x00000000000235d6       0x1e ./Core/Src/main.o
 .debug_macro   0x00000000000235f4       0x3c ./Core/Src/main.o
 .debug_macro   0x0000000000023630       0x34 ./Core/Src/main.o
 .debug_macro   0x0000000000023664       0x16 ./Core/Src/main.o
 .debug_macro   0x000000000002367a       0x43 ./Core/Src/main.o
 .debug_macro   0x00000000000236bd       0x34 ./Core/Src/main.o
 .debug_macro   0x00000000000236f1       0x10 ./Core/Src/main.o
 .debug_macro   0x0000000000023701       0x58 ./Core/Src/main.o
 .debug_macro   0x0000000000023759       0x71 ./Core/Src/main.o
 .debug_macro   0x00000000000237ca       0x1c ./Core/Src/main.o
 .debug_macro   0x00000000000237e6      0x12a ./Core/Src/main.o
 .debug_macro   0x0000000000023910      0x341 ./Core/Src/main.o
 .debug_macro   0x0000000000023c51       0x10 ./Core/Src/main.o
 .debug_macro   0x0000000000023c61       0x35 ./Core/Src/main.o
 .debug_macro   0x0000000000023c96       0x20 ./Core/Src/main.o
 .debug_macro   0x0000000000023cb6       0x1c ./Core/Src/main.o
 .debug_macro   0x0000000000023cd2       0x10 ./Core/Src/main.o
 .debug_macro   0x0000000000023ce2       0x10 ./Core/Src/main.o
 .debug_macro   0x0000000000023cf2       0x1c ./Core/Src/main.o
 .debug_macro   0x0000000000023d0e       0x52 ./Core/Src/main.o
 .debug_macro   0x0000000000023d60       0x22 ./Core/Src/main.o
 .debug_macro   0x0000000000023d82       0x10 ./Core/Src/main.o
 .debug_macro   0x0000000000023d92       0x52 ./Core/Src/main.o
 .debug_macro   0x0000000000023de4       0xd5 ./Core/Src/main.o
 .debug_macro   0x0000000000023eb9       0x1c ./Core/Src/main.o
 .debug_macro   0x0000000000023ed5       0x3d ./Core/Src/main.o
 .debug_macro   0x0000000000023f12       0x16 ./Core/Src/main.o
 .debug_macro   0x0000000000023f28      0x145 ./Core/Src/main.o
 .debug_macro   0x000000000002406d      0x238 ./Core/Src/stm32f4xx_hal_msp.o
 .debug_macro   0x00000000000242a5      0x242 ./Core/Src/stm32f4xx_it.o
 .debug_macro   0x00000000000244e7       0xff ./Core/Src/sysmem.o
 .debug_macro   0x00000000000245e6      0x23b ./Core/Src/sysmem.o
 .debug_macro   0x0000000000024821      0x229 ./Core/Src/system_stm32f4xx.o
 .debug_macro   0x0000000000024a4a      0x289 ./Drivers/STM32F4xx_HAL_Driver/Src/stm32f4xx_hal.o
 .debug_macro   0x0000000000024cd3      0x22a ./Drivers/STM32F4xx_HAL_Driver/Src/stm32f4xx_hal_adc.o
 .debug_macro   0x0000000000024efd      0x229 ./Drivers/STM32F4xx_HAL_Driver/Src/stm32f4xx_hal_cortex.o
 .debug_macro   0x0000000000025126      0x303 ./Drivers/STM32F4xx_HAL_Driver/Src/stm32f4xx_hal_eth.o
 .debug_macro   0x0000000000025429      0x22f ./Drivers/STM32F4xx_HAL_Driver/Src/stm32f4xx_hal_gpio.o
 .debug_macro   0x0000000000025658      0x270 ./Drivers/STM32F4xx_HAL_Driver/Src/stm32f4xx_hal_i2c.o
 .debug_macro   0x00000000000258c8      0x235 ./Drivers/STM32F4xx_HAL_Driver/Src/stm32f4xx_hal_pcd.o
 .debug_macro   0x0000000000025afd      0x24d ./Drivers/STM32F4xx_HAL_Driver/Src/stm32f4xx_hal_rcc.o
 .debug_macro   0x0000000000025d4a      0x22a ./Drivers/STM32F4xx_HAL_Driver/Src/stm32f4xx_hal_uart.o
 .debug_macro   0x0000000000025f74      0x229 ./Drivers/STM32F4xx_HAL_Driver/Src/stm32f4xx_ll_usb.o

.debug_line     0x0000000000000000    0x12617
 .debug_line    0x0000000000000000      0x480 ./Core/Src/Driver_TMP102.o
 .debug_line    0x0000000000000480      0x820 ./Core/Src/Driver_TMP102_Port.o
 .debug_line    0x0000000000000ca0      0xbbc ./Core/Src/main.o
 .debug_line    0x000000000000185c      0x8fb ./Core/Src/stm32f4xx_hal_msp.o
 .debug_line    0x0000000000002157      0x7fb ./Core/Src/stm32f4xx_it.o
 .debug_line    0x0000000000002952      0x4b8 ./Core/Src/sysmem.o
 .debug_line    0x0000000000002e0a      0x7ba ./Core/Src/system_stm32f4xx.o
 .debug_line    0x00000000000035c4       0x88 ./Core/Startup/startup_stm32f429zitx.o
 .debug_line    0x000000000000364c      0xa56 ./Drivers/STM32F4xx_HAL_Driver/Src/stm32f4xx_hal.o
 .debug_line    0x00000000000040a2     0x129c ./Drivers/STM32F4xx_HAL_Driver/Src/stm32f4xx_hal_adc.o
 .debug_line    0x000000000000533e      0xccf ./Drivers/STM32F4xx_HAL_Driver/Src/stm32f4xx_hal_cortex.o
 .debug_line    0x000000000000600d     0x1878 ./Drivers/STM32F4xx_HAL_Driver/Src/stm32f4xx_hal_eth.o
 .debug_line    0x0000000000007885      0xbbc ./Drivers/STM32F4xx_HAL_Driver/Src/stm32f4xx_hal_gpio.o
 .debug_line    0x0000000000008441     0x39d5 ./Drivers/STM32F4xx_HAL_Driver/Src/stm32f4xx_hal_i2c.o
 .debug_line    0x000000000000be16     0x14c3 ./Drivers/STM32F4xx_HAL_Driver/Src/stm32f4xx_hal_pcd.o
 .debug_line    0x000000000000d2d9      0xd9c ./Drivers/STM32F4xx_HAL_Driver/Src/stm32f4xx_hal_rcc.o
 .debug_line    0x000000000000e075     0x2ac5 ./Drivers/STM32F4xx_HAL_Driver/Src/stm32f4xx_hal_uart.o
 .debug_line    0x0000000000010b3a     0x1add ./Drivers/STM32F4xx_HAL_Driver/Src/stm32f4xx_ll_usb.o

.debug_str      0x0000000000000000    0xea383
 .debug_str     0x0000000000000000     0x3f09 ./Core/Src/Driver_TMP102.o
                                       0x4099 (size before relaxing)
 .debug_str     0x0000000000003f09    0xdc579 ./Core/Src/Driver_TMP102_Port.o
                                      0xe0575 (size before relaxing)
 .debug_str     0x00000000000e0482     0x5313 ./Core/Src/main.o
                                      0xe5580 (size before relaxing)
 .debug_str     0x00000000000e5795       0xfd ./Core/Src/stm32f4xx_hal_msp.o
                                      0xe149f (size before relaxing)
 .debug_str     0x00000000000e5892       0xc9 ./Core/Src/stm32f4xx_it.o
                                      0xe0207 (size before relaxing)
 .debug_str     0x00000000000e595b      0x4da ./Core/Src/sysmem.o
                                       0x5dc3 (size before relaxing)
 .debug_str     0x00000000000e5e35       0xdb ./Core/Src/system_stm32f4xx.o
                                      0xdfeb1 (size before relaxing)
 .debug_str     0x00000000000e5f10       0x36 ./Core/Startup/startup_stm32f429zitx.o
                                         0x85 (size before relaxing)
 .debug_str     0x00000000000e5f46      0xba6 ./Drivers/STM32F4xx_HAL_Driver/Src/stm32f4xx_hal.o
                                      0xe0ad4 (size before relaxing)
 .debug_str     0x00000000000e6aec      0x2bd ./Drivers/STM32F4xx_HAL_Driver/Src/stm32f4xx_hal_adc.o
                                      0xe048b (size before relaxing)
 .debug_str     0x00000000000e6da9      0x348 ./Drivers/STM32F4xx_HAL_Driver/Src/stm32f4xx_hal_cortex.o
                                      0xe07b9 (size before relaxing)
 .debug_str     0x00000000000e70f1     0x12f6 ./Drivers/STM32F4xx_HAL_Driver/Src/stm32f4xx_hal_eth.o
                                      0xe185a (size before relaxing)
 .debug_str     0x00000000000e83e7       0xe1 ./Drivers/STM32F4xx_HAL_Driver/Src/stm32f4xx_hal_gpio.o
                                      0xe002c (size before relaxing)
 .debug_str     0x00000000000e84c8      0xaa3 ./Drivers/STM32F4xx_HAL_Driver/Src/stm32f4xx_hal_i2c.o
                                      0xe0e6e (size before relaxing)
 .debug_str     0x00000000000e8f6b      0x7fd ./Drivers/STM32F4xx_HAL_Driver/Src/stm32f4xx_hal_pcd.o
                                      0xe0960 (size before relaxing)
 .debug_str     0x00000000000e9768      0x1ff ./Drivers/STM32F4xx_HAL_Driver/Src/stm32f4xx_hal_rcc.o
                                      0xe02e5 (size before relaxing)
 .debug_str     0x00000000000e9967      0x5dd ./Drivers/STM32F4xx_HAL_Driver/Src/stm32f4xx_hal_uart.o
                                      0xe0871 (size before relaxing)
 .debug_str     0x00000000000e9f44      0x43f ./Drivers/STM32F4xx_HAL_Driver/Src/stm32f4xx_ll_usb.o
                                      0xe07c8 (size before relaxing)

.comment        0x0000000000000000       0x50
 .comment       0x0000000000000000       0x50 ./Core/Src/Driver_TMP102.o
                                         0x51 (size before relaxing)
 .comment       0x0000000000000050       0x51 ./Core/Src/Driver_TMP102_Port.o
 .comment       0x0000000000000050       0x51 ./Core/Src/main.o
 .comment       0x0000000000000050       0x51 ./Core/Src/stm32f4xx_hal_msp.o
 .comment       0x0000000000000050       0x51 ./Core/Src/stm32f4xx_it.o
 .comment       0x0000000000000050       0x51 ./Core/Src/sysmem.o
 .comment       0x0000000000000050       0x51 ./Core/Src/system_stm32f4xx.o
 .comment       0x0000000000000050       0x51 ./Drivers/STM32F4xx_HAL_Driver/Src/stm32f4xx_hal.o
 .comment       0x0000000000000050       0x51 ./Drivers/STM32F4xx_HAL_Driver/Src/stm32f4xx_hal_adc.o
 .comment       0x0000000000000050       0x51 ./Drivers/STM32F4xx_HAL_Driver/Src/stm32f4xx_hal_cortex.o
 .comment       0x0000000000000050       0x51 ./Drivers/STM32F4xx_HAL_Driver/Src/stm32f4xx_hal_eth.o
 .comment       0x0000000000000050       0x51 ./Drivers/STM32F4xx_HAL_Driver/Src/stm32f4xx_hal_gpio.o
 .comment       0x0000000000000050       0x51 ./Drivers/STM32F4xx_HAL_Driver/Src/stm32f4xx_hal_i2c.o
 .comment       0x0000000000000050       0x51 ./Drivers/STM32F4xx_HAL_Driver/Src/stm32f4xx_hal_pcd.o
 .comment       0x0000000000000050       0x51 ./Drivers/STM32F4xx_HAL_Driver/Src/stm32f4xx_hal_rcc.o
 .comment       0x0000000000000050       0x51 ./Drivers/STM32F4xx_HAL_Driver/Src/stm32f4xx_hal_uart.o
 .comment       0x0000000000000050       0x51 ./Drivers/STM32F4xx_HAL_Driver/Src/stm32f4xx_ll_usb.o

.debug_frame    0x0000000000000000     0x46dc
 .debug_frame   0x0000000000000000       0xe8 ./Core/Src/Driver_TMP102.o
 .debug_frame   0x00000000000000e8       0xa4 ./Core/Src/Driver_TMP102_Port.o
 .debug_frame   0x000000000000018c      0x12c ./Core/Src/main.o
 .debug_frame   0x00000000000002b8      0x1a0 ./Core/Src/stm32f4xx_hal_msp.o
 .debug_frame   0x0000000000000458      0x104 ./Core/Src/stm32f4xx_it.o
 .debug_frame   0x000000000000055c       0x34 ./Core/Src/sysmem.o
 .debug_frame   0x0000000000000590       0x58 ./Core/Src/system_stm32f4xx.o
 .debug_frame   0x00000000000005e8      0x3b4 ./Drivers/STM32F4xx_HAL_Driver/Src/stm32f4xx_hal.o
 .debug_frame   0x000000000000099c      0x3fc ./Drivers/STM32F4xx_HAL_Driver/Src/stm32f4xx_hal_adc.o
 .debug_frame   0x0000000000000d98      0x498 ./Drivers/STM32F4xx_HAL_Driver/Src/stm32f4xx_hal_cortex.o
 .debug_frame   0x0000000000001230      0x8a8 ./Drivers/STM32F4xx_HAL_Driver/Src/stm32f4xx_hal_eth.o
 .debug_frame   0x0000000000001ad8      0x14c ./Drivers/STM32F4xx_HAL_Driver/Src/stm32f4xx_hal_gpio.o
 .debug_frame   0x0000000000001c24      0xc5c ./Drivers/STM32F4xx_HAL_Driver/Src/stm32f4xx_hal_i2c.o
 .debug_frame   0x0000000000002880      0x5bc ./Drivers/STM32F4xx_HAL_Driver/Src/stm32f4xx_hal_pcd.o
 .debug_frame   0x0000000000002e3c      0x1f4 ./Drivers/STM32F4xx_HAL_Driver/Src/stm32f4xx_hal_rcc.o
 .debug_frame   0x0000000000003030      0x92c ./Drivers/STM32F4xx_HAL_Driver/Src/stm32f4xx_hal_uart.o
 .debug_frame   0x000000000000395c      0x7c0 ./Drivers/STM32F4xx_HAL_Driver/Src/stm32f4xx_ll_usb.o
 .debug_frame   0x000000000000411c       0x20 /opt/st/stm32cubeide_1.7.0/plugins/com.st.stm32cube.ide.mcu.externaltools.gnu-tools-for-stm32.10.3-2021.10.linux64_1.0.0.202111181127/tools/bin/../lib/gcc/arm-none-eabi/10.3.1/../../../../arm-none-eabi/lib/thumb/v7e-m+fp/hard/libc_nano.a(lib_a-errno.o)
 .debug_frame   0x000000000000413c       0x2c /opt/st/stm32cubeide_1.7.0/plugins/com.st.stm32cube.ide.mcu.externaltools.gnu-tools-for-stm32.10.3-2021.10.linux64_1.0.0.202111181127/tools/bin/../lib/gcc/arm-none-eabi/10.3.1/../../../../arm-none-eabi/lib/thumb/v7e-m+fp/hard/libc_nano.a(lib_a-init.o)
 .debug_frame   0x0000000000004168       0x20 /opt/st/stm32cubeide_1.7.0/plugins/com.st.stm32cube.ide.mcu.externaltools.gnu-tools-for-stm32.10.3-2021.10.linux64_1.0.0.202111181127/tools/bin/../lib/gcc/arm-none-eabi/10.3.1/../../../../arm-none-eabi/lib/thumb/v7e-m+fp/hard/libc_nano.a(lib_a-memset.o)
 .debug_frame   0x0000000000004188       0x6c /opt/st/stm32cubeide_1.7.0/plugins/com.st.stm32cube.ide.mcu.externaltools.gnu-tools-for-stm32.10.3-2021.10.linux64_1.0.0.202111181127/tools/bin/../lib/gcc/arm-none-eabi/10.3.1/../../../../arm-none-eabi/lib/thumb/v7e-m+fp/hard/libc_nano.a(lib_a-sprintf.o)
 .debug_frame   0x00000000000041f4       0x90 /opt/st/stm32cubeide_1.7.0/plugins/com.st.stm32cube.ide.mcu.externaltools.gnu-tools-for-stm32.10.3-2021.10.linux64_1.0.0.202111181127/tools/bin/../lib/gcc/arm-none-eabi/10.3.1/../../../../arm-none-eabi/lib/thumb/v7e-m+fp/hard/libc_nano.a(lib_a-nano-svfprintf.o)
 .debug_frame   0x0000000000004284       0x60 /opt/st/stm32cubeide_1.7.0/plugins/com.st.stm32cube.ide.mcu.externaltools.gnu-tools-for-stm32.10.3-2021.10.linux64_1.0.0.202111181127/tools/bin/../lib/gcc/arm-none-eabi/10.3.1/../../../../arm-none-eabi/lib/thumb/v7e-m+fp/hard/libc_nano.a(lib_a-nano-vfprintf_i.o)
 .debug_frame   0x00000000000042e4       0x28 /opt/st/stm32cubeide_1.7.0/plugins/com.st.stm32cube.ide.mcu.externaltools.gnu-tools-for-stm32.10.3-2021.10.linux64_1.0.0.202111181127/tools/bin/../lib/gcc/arm-none-eabi/10.3.1/../../../../arm-none-eabi/lib/thumb/v7e-m+fp/hard/libc_nano.a(lib_a-memcpy-stub.o)
 .debug_frame   0x000000000000430c       0x28 /opt/st/stm32cubeide_1.7.0/plugins/com.st.stm32cube.ide.mcu.externaltools.gnu-tools-for-stm32.10.3-2021.10.linux64_1.0.0.202111181127/tools/bin/../lib/gcc/arm-none-eabi/10.3.1/../../../../arm-none-eabi/lib/thumb/v7e-m+fp/hard/libc_nano.a(lib_a-memmove.o)
 .debug_frame   0x0000000000004334       0x38 /opt/st/stm32cubeide_1.7.0/plugins/com.st.stm32cube.ide.mcu.externaltools.gnu-tools-for-stm32.10.3-2021.10.linux64_1.0.0.202111181127/tools/bin/../lib/gcc/arm-none-eabi/10.3.1/../../../../arm-none-eabi/lib/thumb/v7e-m+fp/hard/libc_nano.a(lib_a-nano-freer.o)
 .debug_frame   0x000000000000436c       0x4c /opt/st/stm32cubeide_1.7.0/plugins/com.st.stm32cube.ide.mcu.externaltools.gnu-tools-for-stm32.10.3-2021.10.linux64_1.0.0.202111181127/tools/bin/../lib/gcc/arm-none-eabi/10.3.1/../../../../arm-none-eabi/lib/thumb/v7e-m+fp/hard/libc_nano.a(lib_a-nano-mallocr.o)
 .debug_frame   0x00000000000043b8       0x3c /opt/st/stm32cubeide_1.7.0/plugins/com.st.stm32cube.ide.mcu.externaltools.gnu-tools-for-stm32.10.3-2021.10.linux64_1.0.0.202111181127/tools/bin/../lib/gcc/arm-none-eabi/10.3.1/../../../../arm-none-eabi/lib/thumb/v7e-m+fp/hard/libc_nano.a(lib_a-nano-reallocr.o)
 .debug_frame   0x00000000000043f4       0x2c /opt/st/stm32cubeide_1.7.0/plugins/com.st.stm32cube.ide.mcu.externaltools.gnu-tools-for-stm32.10.3-2021.10.linux64_1.0.0.202111181127/tools/bin/../lib/gcc/arm-none-eabi/10.3.1/../../../../arm-none-eabi/lib/thumb/v7e-m+fp/hard/libc_nano.a(lib_a-sbrkr.o)
 .debug_frame   0x0000000000004420       0x30 /opt/st/stm32cubeide_1.7.0/plugins/com.st.stm32cube.ide.mcu.externaltools.gnu-tools-for-stm32.10.3-2021.10.linux64_1.0.0.202111181127/tools/bin/../lib/gcc/arm-none-eabi/10.3.1/../../../../arm-none-eabi/lib/thumb/v7e-m+fp/hard/libc_nano.a(lib_a-mlock.o)
 .debug_frame   0x0000000000004450       0x20 /opt/st/stm32cubeide_1.7.0/plugins/com.st.stm32cube.ide.mcu.externaltools.gnu-tools-for-stm32.10.3-2021.10.linux64_1.0.0.202111181127/tools/bin/../lib/gcc/arm-none-eabi/10.3.1/../../../../arm-none-eabi/lib/thumb/v7e-m+fp/hard/libc_nano.a(lib_a-nano-msizer.o)
 .debug_frame   0x0000000000004470       0x5c /opt/st/stm32cubeide_1.7.0/plugins/com.st.stm32cube.ide.mcu.externaltools.gnu-tools-for-stm32.10.3-2021.10.linux64_1.0.0.202111181127/tools/bin/../lib/gcc/arm-none-eabi/10.3.1/../../../../arm-none-eabi/lib/thumb/v7e-m+fp/hard/libc_nano.a(lib_a-reent.o)
 .debug_frame   0x00000000000044cc       0xb0 /opt/st/stm32cubeide_1.7.0/plugins/com.st.stm32cube.ide.mcu.externaltools.gnu-tools-for-stm32.10.3-2021.10.linux64_1.0.0.202111181127/tools/bin/../lib/gcc/arm-none-eabi/10.3.1/../../../../arm-none-eabi/lib/thumb/v7e-m+fp/hard/libc_nano.a(lib_a-lock.o)
 .debug_frame   0x000000000000457c       0x30 /opt/st/stm32cubeide_1.7.0/plugins/com.st.stm32cube.ide.mcu.externaltools.gnu-tools-for-stm32.10.3-2021.10.linux64_1.0.0.202111181127/tools/bin/../lib/gcc/arm-none-eabi/10.3.1/thumb/v7e-m+fp/hard/libgcc.a(_arm_muldf3.o)
 .debug_frame   0x00000000000045ac       0xac /opt/st/stm32cubeide_1.7.0/plugins/com.st.stm32cube.ide.mcu.externaltools.gnu-tools-for-stm32.10.3-2021.10.linux64_1.0.0.202111181127/tools/bin/../lib/gcc/arm-none-eabi/10.3.1/thumb/v7e-m+fp/hard/libgcc.a(_arm_addsubdf3.o)
 .debug_frame   0x0000000000004658       0x24 /opt/st/stm32cubeide_1.7.0/plugins/com.st.stm32cube.ide.mcu.externaltools.gnu-tools-for-stm32.10.3-2021.10.linux64_1.0.0.202111181127/tools/bin/../lib/gcc/arm-none-eabi/10.3.1/thumb/v7e-m+fp/hard/libgcc.a(_arm_truncdfsf2.o)
 .debug_frame   0x000000000000467c       0x2c /opt/st/stm32cubeide_1.7.0/plugins/com.st.stm32cube.ide.mcu.externaltools.gnu-tools-for-stm32.10.3-2021.10.linux64_1.0.0.202111181127/tools/bin/../lib/gcc/arm-none-eabi/10.3.1/thumb/v7e-m+fp/hard/libgcc.a(_aeabi_uldivmod.o)
 .debug_frame   0x00000000000046a8       0x34 /opt/st/stm32cubeide_1.7.0/plugins/com.st.stm32cube.ide.mcu.externaltools.gnu-tools-for-stm32.10.3-2021.10.linux64_1.0.0.202111181127/tools/bin/../lib/gcc/arm-none-eabi/10.3.1/thumb/v7e-m+fp/hard/libgcc.a(_udivmoddi4.o)